Archive member included to satisfy reference by file (symbol)

/Applications/STM32CubeIDE.app/Contents/Eclipse/plugins/com.st.stm32cube.ide.mcu.externaltools.gnu-tools-for-stm32.7-2018-q2-update.macos64_1.5.0.202011040924/tools/bin/../lib/gcc/arm-none-eabi/7.3.1/../../../../arm-none-eabi/lib/thumb/v7e-m/fpv4-sp/hard/libc_nano.a(lib_a-errno.o)
                              Core/Src/syscalls.o (__errno)
/Applications/STM32CubeIDE.app/Contents/Eclipse/plugins/com.st.stm32cube.ide.mcu.externaltools.gnu-tools-for-stm32.7-2018-q2-update.macos64_1.5.0.202011040924/tools/bin/../lib/gcc/arm-none-eabi/7.3.1/../../../../arm-none-eabi/lib/thumb/v7e-m/fpv4-sp/hard/libc_nano.a(lib_a-exit.o)
                              /Applications/STM32CubeIDE.app/Contents/Eclipse/plugins/com.st.stm32cube.ide.mcu.externaltools.gnu-tools-for-stm32.7-2018-q2-update.macos64_1.5.0.202011040924/tools/bin/../lib/gcc/arm-none-eabi/7.3.1/../../../../arm-none-eabi/lib/thumb/v7e-m/fpv4-sp/hard/crt0.o (exit)
/Applications/STM32CubeIDE.app/Contents/Eclipse/plugins/com.st.stm32cube.ide.mcu.externaltools.gnu-tools-for-stm32.7-2018-q2-update.macos64_1.5.0.202011040924/tools/bin/../lib/gcc/arm-none-eabi/7.3.1/../../../../arm-none-eabi/lib/thumb/v7e-m/fpv4-sp/hard/libc_nano.a(lib_a-impure.o)
                              /Applications/STM32CubeIDE.app/Contents/Eclipse/plugins/com.st.stm32cube.ide.mcu.externaltools.gnu-tools-for-stm32.7-2018-q2-update.macos64_1.5.0.202011040924/tools/bin/../lib/gcc/arm-none-eabi/7.3.1/../../../../arm-none-eabi/lib/thumb/v7e-m/fpv4-sp/hard/libc_nano.a(lib_a-exit.o) (_global_impure_ptr)
/Applications/STM32CubeIDE.app/Contents/Eclipse/plugins/com.st.stm32cube.ide.mcu.externaltools.gnu-tools-for-stm32.7-2018-q2-update.macos64_1.5.0.202011040924/tools/bin/../lib/gcc/arm-none-eabi/7.3.1/../../../../arm-none-eabi/lib/thumb/v7e-m/fpv4-sp/hard/libc_nano.a(lib_a-init.o)
                              /Applications/STM32CubeIDE.app/Contents/Eclipse/plugins/com.st.stm32cube.ide.mcu.externaltools.gnu-tools-for-stm32.7-2018-q2-update.macos64_1.5.0.202011040924/tools/bin/../lib/gcc/arm-none-eabi/7.3.1/../../../../arm-none-eabi/lib/thumb/v7e-m/fpv4-sp/hard/crt0.o (__libc_init_array)
/Applications/STM32CubeIDE.app/Contents/Eclipse/plugins/com.st.stm32cube.ide.mcu.externaltools.gnu-tools-for-stm32.7-2018-q2-update.macos64_1.5.0.202011040924/tools/bin/../lib/gcc/arm-none-eabi/7.3.1/../../../../arm-none-eabi/lib/thumb/v7e-m/fpv4-sp/hard/libc_nano.a(lib_a-itoa.o)
                              Core/Src/main.o (itoa)
/Applications/STM32CubeIDE.app/Contents/Eclipse/plugins/com.st.stm32cube.ide.mcu.externaltools.gnu-tools-for-stm32.7-2018-q2-update.macos64_1.5.0.202011040924/tools/bin/../lib/gcc/arm-none-eabi/7.3.1/../../../../arm-none-eabi/lib/thumb/v7e-m/fpv4-sp/hard/libc_nano.a(lib_a-memcpy-stub.o)
                              FreeRTOS/queue.o (memcpy)
/Applications/STM32CubeIDE.app/Contents/Eclipse/plugins/com.st.stm32cube.ide.mcu.externaltools.gnu-tools-for-stm32.7-2018-q2-update.macos64_1.5.0.202011040924/tools/bin/../lib/gcc/arm-none-eabi/7.3.1/../../../../arm-none-eabi/lib/thumb/v7e-m/fpv4-sp/hard/libc_nano.a(lib_a-memset.o)
                              /Applications/STM32CubeIDE.app/Contents/Eclipse/plugins/com.st.stm32cube.ide.mcu.externaltools.gnu-tools-for-stm32.7-2018-q2-update.macos64_1.5.0.202011040924/tools/bin/../lib/gcc/arm-none-eabi/7.3.1/../../../../arm-none-eabi/lib/thumb/v7e-m/fpv4-sp/hard/crt0.o (memset)
/Applications/STM32CubeIDE.app/Contents/Eclipse/plugins/com.st.stm32cube.ide.mcu.externaltools.gnu-tools-for-stm32.7-2018-q2-update.macos64_1.5.0.202011040924/tools/bin/../lib/gcc/arm-none-eabi/7.3.1/../../../../arm-none-eabi/lib/thumb/v7e-m/fpv4-sp/hard/libc_nano.a(lib_a-sprintf.o)
                              Core/Src/main.o (sprintf)
/Applications/STM32CubeIDE.app/Contents/Eclipse/plugins/com.st.stm32cube.ide.mcu.externaltools.gnu-tools-for-stm32.7-2018-q2-update.macos64_1.5.0.202011040924/tools/bin/../lib/gcc/arm-none-eabi/7.3.1/../../../../arm-none-eabi/lib/thumb/v7e-m/fpv4-sp/hard/libc_nano.a(lib_a-strlen.o)
                              Core/Src/main.o (strlen)
/Applications/STM32CubeIDE.app/Contents/Eclipse/plugins/com.st.stm32cube.ide.mcu.externaltools.gnu-tools-for-stm32.7-2018-q2-update.macos64_1.5.0.202011040924/tools/bin/../lib/gcc/arm-none-eabi/7.3.1/../../../../arm-none-eabi/lib/thumb/v7e-m/fpv4-sp/hard/libc_nano.a(lib_a-utoa.o)
                              /Applications/STM32CubeIDE.app/Contents/Eclipse/plugins/com.st.stm32cube.ide.mcu.externaltools.gnu-tools-for-stm32.7-2018-q2-update.macos64_1.5.0.202011040924/tools/bin/../lib/gcc/arm-none-eabi/7.3.1/../../../../arm-none-eabi/lib/thumb/v7e-m/fpv4-sp/hard/libc_nano.a(lib_a-itoa.o) (__utoa)
[...]
Memory Configuration

Name             Origin             Length             Attributes
CCMRAM           0x0000000010000000 0x0000000000010000 xrw
RAM              0x0000000020000000 0x0000000000020000 xrw
FLASH            0x0000000008000000 0x0000000000100000 xr
*default*        0x0000000000000000 0xffffffffffffffff

Linker script and memory map

LOAD /Applications/STM32CubeIDE.app/Contents/Eclipse/plugins/com.st.stm32cube.ide.mcu.externaltools.gnu-tools-for-stm32.7-2018-q2-update.macos64_1.5.0.202011040924/tools/bin/../lib/gcc/arm-none-eabi/7.3.1/thumb/v7e-m/fpv4-sp/hard/crti.o
LOAD /Applications/STM32CubeIDE.app/Contents/Eclipse/plugins/com.st.stm32cube.ide.mcu.externaltools.gnu-tools-for-stm32.7-2018-q2-update.macos64_1.5.0.202011040924/tools/bin/../lib/gcc/arm-none-eabi/7.3.1/thumb/v7e-m/fpv4-sp/hard/crtbegin.o
LOAD /Applications/STM32CubeIDE.app/Contents/Eclipse/plugins/com.st.stm32cube.ide.mcu.externaltools.gnu-tools-for-stm32.7-2018-q2-update.macos64_1.5.0.202011040924/tools/bin/../lib/gcc/arm-none-eabi/7.3.1/../../../../arm-none-eabi/lib/thumb/v7e-m/fpv4-sp/hard/crt0.o
LOAD Core/Src/main.o
LOAD Core/Src/stm32f4xx_hal_msp.o
LOAD Core/Src/stm32f4xx_hal_timebase_tim.o
LOAD Core/Src/stm32f4xx_it.o
LOAD Core/Src/syscalls.o
LOAD Core/Src/sysmem.o
LOAD Core/Src/system_stm32f4xx.o
LOAD Core/Startup/startup_stm32f407vgtx.o
LOAD Drivers/STM32F4xx_HAL_Driver/Src/stm32f4xx_hal.o
LOAD Drivers/STM32F4xx_HAL_Driver/Src/stm32f4xx_hal_cortex.o
LOAD Drivers/STM32F4xx_HAL_Driver/Src/stm32f4xx_hal_dma.o
LOAD Drivers/STM32F4xx_HAL_Driver/Src/stm32f4xx_hal_dma_ex.o
LOAD Drivers/STM32F4xx_HAL_Driver/Src/stm32f4xx_hal_exti.o
LOAD Drivers/STM32F4xx_HAL_Driver/Src/stm32f4xx_hal_flash.o
LOAD Drivers/STM32F4xx_HAL_Driver/Src/stm32f4xx_hal_flash_ex.o
LOAD Drivers/STM32F4xx_HAL_Driver/Src/stm32f4xx_hal_flash_ramfunc.o
LOAD Drivers/STM32F4xx_HAL_Driver/Src/stm32f4xx_hal_gpio.o
LOAD Drivers/STM32F4xx_HAL_Driver/Src/stm32f4xx_hal_pwr.o
LOAD Drivers/STM32F4xx_HAL_Driver/Src/stm32f4xx_hal_pwr_ex.o
LOAD Drivers/STM32F4xx_HAL_Driver/Src/stm32f4xx_hal_rcc.o
LOAD Drivers/STM32F4xx_HAL_Driver/Src/stm32f4xx_hal_rcc_ex.o
LOAD Drivers/STM32F4xx_HAL_Driver/Src/stm32f4xx_hal_tim.o
LOAD Drivers/STM32F4xx_HAL_Driver/Src/stm32f4xx_hal_tim_ex.o
LOAD Drivers/STM32F4xx_HAL_Driver/Src/stm32f4xx_hal_uart.o
LOAD FreeRTOS/croutine.o
LOAD FreeRTOS/event_groups.o
LOAD FreeRTOS/list.o
LOAD FreeRTOS/queue.o
LOAD FreeRTOS/stream_buffer.o
LOAD FreeRTOS/tasks.o
LOAD FreeRTOS/timers.o
LOAD FreeRTOS/portable/ARM_CM4F/port.o
LOAD FreeRTOS/portable/MemMang/heap_4.o
START GROUP
LOAD /Applications/STM32CubeIDE.app/Contents/Eclipse/plugins/com.st.stm32cube.ide.mcu.externaltools.gnu-tools-for-stm32.7-2018-q2-update.macos64_1.5.0.202011040924/tools/bin/../lib/gcc/arm-none-eabi/7.3.1/../../../../arm-none-eabi/lib/thumb/v7e-m/fpv4-sp/hard/libc_nano.a
LOAD /Applications/STM32CubeIDE.app/Contents/Eclipse/plugins/com.st.stm32cube.ide.mcu.externaltools.gnu-tools-for-stm32.7-2018-q2-update.macos64_1.5.0.202011040924/tools/bin/../lib/gcc/arm-none-eabi/7.3.1/../../../../arm-none-eabi/lib/thumb/v7e-m/fpv4-sp/hard/libm.a
END GROUP
START GROUP
LOAD /Applications/STM32CubeIDE.app/Contents/Eclipse/plugins/com.st.stm32cube.ide.mcu.externaltools.gnu-tools-for-stm32.7-2018-q2-update.macos64_1.5.0.202011040924/tools/bin/../lib/gcc/arm-none-eabi/7.3.1/thumb/v7e-m/fpv4-sp/hard/libgcc.a
LOAD /Applications/STM32CubeIDE.app/Contents/Eclipse/plugins/com.st.stm32cube.ide.mcu.externaltools.gnu-tools-for-stm32.7-2018-q2-update.macos64_1.5.0.202011040924/tools/bin/../lib/gcc/arm-none-eabi/7.3.1/../../../../arm-none-eabi/lib/thumb/v7e-m/fpv4-sp/hard/libc_nano.a
END GROUP
START GROUP
LOAD /Applications/STM32CubeIDE.app/Contents/Eclipse/plugins/com.st.stm32cube.ide.mcu.externaltools.gnu-tools-for-stm32.7-2018-q2-update.macos64_1.5.0.202011040924/tools/bin/../lib/gcc/arm-none-eabi/7.3.1/thumb/v7e-m/fpv4-sp/hard/libgcc.a
LOAD /Applications/STM32CubeIDE.app/Contents/Eclipse/plugins/com.st.stm32cube.ide.mcu.externaltools.gnu-tools-for-stm32.7-2018-q2-update.macos64_1.5.0.202011040924/tools/bin/../lib/gcc/arm-none-eabi/7.3.1/../../../../arm-none-eabi/lib/thumb/v7e-m/fpv4-sp/hard/libc_nano.a
LOAD /Applications/STM32CubeIDE.app/Contents/Eclipse/plugins/com.st.stm32cube.ide.mcu.externaltools.gnu-tools-for-stm32.7-2018-q2-update.macos64_1.5.0.202011040924/tools/bin/../lib/gcc/arm-none-eabi/7.3.1/../../../../arm-none-eabi/lib/thumb/v7e-m/fpv4-sp/hard/libnosys.a
END GROUP
START GROUP
LOAD /Applications/STM32CubeIDE.app/Contents/Eclipse/plugins/com.st.stm32cube.ide.mcu.externaltools.gnu-tools-for-stm32.7-2018-q2-update.macos64_1.5.0.202011040924/tools/bin/../lib/gcc/arm-none-eabi/7.3.1/thumb/v7e-m/fpv4-sp/hard/libgcc.a
LOAD /Applications/STM32CubeIDE.app/Contents/Eclipse/plugins/com.st.stm32cube.ide.mcu.externaltools.gnu-tools-for-stm32.7-2018-q2-update.macos64_1.5.0.202011040924/tools/bin/../lib/gcc/arm-none-eabi/7.3.1/../../../../arm-none-eabi/lib/thumb/v7e-m/fpv4-sp/hard/libc_nano.a
LOAD /Applications/STM32CubeIDE.app/Contents/Eclipse/plugins/com.st.stm32cube.ide.mcu.externaltools.gnu-tools-for-stm32.7-2018-q2-update.macos64_1.5.0.202011040924/tools/bin/../lib/gcc/arm-none-eabi/7.3.1/../../../../arm-none-eabi/lib/thumb/v7e-m/fpv4-sp/hard/libnosys.a
END GROUP
LOAD /Applications/STM32CubeIDE.app/Contents/Eclipse/plugins/com.st.stm32cube.ide.mcu.externaltools.gnu-tools-for-stm32.7-2018-q2-update.macos64_1.5.0.202011040924/tools/bin/../lib/gcc/arm-none-eabi/7.3.1/thumb/v7e-m/fpv4-sp/hard/crtend.o
LOAD /Applications/STM32CubeIDE.app/Contents/Eclipse/plugins/com.st.stm32cube.ide.mcu.externaltools.gnu-tools-for-stm32.7-2018-q2-update.macos64_1.5.0.202011040924/tools/bin/../lib/gcc/arm-none-eabi/7.3.1/thumb/v7e-m/fpv4-sp/hard/crtn.o
                0x0000000020020000                _estack = (ORIGIN (RAM) + LENGTH (RAM))
                0x0000000000000200                _Min_Heap_Size = 0x200
                0x0000000000000400                _Min_Stack_Size = 0x400

.isr_vector     0x0000000008000000      0x188
                0x0000000008000000                . = ALIGN (0x4)
 *(.isr_vector)
 .isr_vector    0x0000000008000000      0x188 Core/Startup/startup_stm32f407vgtx.o
                0x0000000008000000                g_pfnVectors
                0x0000000008000188                . = ALIGN (0x4)

.text           0x0000000008000190     0x54c8
                0x0000000008000190                . = ALIGN (0x4)
 *(.text)
 .text          0x0000000008000190       0x40 /Applications/STM32CubeIDE.app/Contents/Eclipse/plugins/com.st.stm32cube.ide.mcu.externaltools.gnu-tools-for-stm32.7-2018-q2-update.macos64_1.5.0.202011040924/tools/bin/../lib/gcc/arm-none-eabi/7.3.1/thumb/v7e-m/fpv4-sp/hard/crtbegin.o
 .text          0x00000000080001d0       0x10 /Applications/STM32CubeIDE.app/Contents/Eclipse/plugins/com.st.stm32cube.ide.mcu.externaltools.gnu-tools-for-stm32.7-2018-q2-update.macos64_1.5.0.202011040924/tools/bin/../lib/gcc/arm-none-eabi/7.3.1/../../../../arm-none-eabi/lib/thumb/v7e-m/fpv4-sp/hard/libc_nano.a(lib_a-strlen.o)
                0x00000000080001d0                strlen
 .text          0x00000000080001e0       0xa0 /Applications/STM32CubeIDE.app/Contents/Eclipse/plugins/com.st.stm32cube.ide.mcu.externaltools.gnu-tools-for-stm32.7-2018-q2-update.macos64_1.5.0.202011040924/tools/bin/../lib/gcc/arm-none-eabi/7.3.1/../../../../arm-none-eabi/lib/thumb/v7e-m/fpv4-sp/hard/libc_nano.a(lib_a-memchr.o)
                0x00000000080001e0                memchr
 .text          0x0000000008000280       0x30 /Applications/STM32CubeIDE.app/Contents/Eclipse/plugins/com.st.stm32cube.ide.mcu.externaltools.gnu-tools-for-stm32.7-2018-q2-update.macos64_1.5.0.202011040924/tools/bin/../lib/gcc/arm-none-eabi/7.3.1/thumb/v7e-m/fpv4-sp/hard/libgcc.a(_aeabi_uldivmod.o)
                0x0000000008000280                __aeabi_uldivmod
 .text          0x00000000080002b0      0x2cc /Applications/STM32CubeIDE.app/Contents/Eclipse/plugins/com.st.stm32cube.ide.mcu.externaltools.gnu-tools-for-stm32.7-2018-q2-update.macos64_1.5.0.202011040924/tools/bin/../lib/gcc/arm-none-eabi/7.3.1/thumb/v7e-m/fpv4-sp/hard/libgcc.a(_udivmoddi4.o)
                0x00000000080002b0                __udivmoddi4
 .text          0x000000000800057c        0x4 /Applications/STM32CubeIDE.app/Contents/Eclipse/plugins/com.st.stm32cube.ide.mcu.externaltools.gnu-tools-for-stm32.7-2018-q2-update.macos64_1.5.0.202011040924/tools/bin/../lib/gcc/arm-none-eabi/7.3.1/thumb/v7e-m/fpv4-sp/hard/libgcc.a(_dvmd_tls.o)
                0x000000000800057c                __aeabi_ldiv0
                0x000000000800057c                __aeabi_idiv0
 *(.text*)
 .text.main     0x0000000008000580       0x38 Core/Src/main.o
                0x0000000008000580                main
 .text.SystemClock_Config
                0x00000000080005b8       0xbc Core/Src/main.o
                0x00000000080005b8                SystemClock_Config
 .text.MX_USART2_UART_Init
                0x0000000008000674       0x54 Core/Src/main.o
 .text.MX_GPIO_Init
                0x00000000080006c8       0x88 Core/Src/main.o
 .text.TaskMonitor_App
                0x0000000008000750       0xa4 Core/Src/main.o
                0x0000000008000750                TaskMonitor_App
 .text.HAL_TIM_PeriodElapsedCallback
                0x00000000080007f4       0x24 Core/Src/main.o
                0x00000000080007f4                HAL_TIM_PeriodElapsedCallback
 .text.Error_Handler
                0x0000000008000818        0x8 Core/Src/main.o
                0x0000000008000818                Error_Handler
 .text.HAL_MspInit
                0x0000000008000820       0x50 Core/Src/stm32f4xx_hal_msp.o
                0x0000000008000820                HAL_MspInit
 .text.HAL_UART_MspInit
                0x0000000008000870       0x90 Core/Src/stm32f4xx_hal_msp.o
                0x0000000008000870                HAL_UART_MspInit
 .text.HAL_InitTick
                0x0000000008000900       0xb0 Core/Src/stm32f4xx_hal_timebase_tim.o
                0x0000000008000900                HAL_InitTick
 .text.NMI_Handler
                0x00000000080009b0        0x6 Core/Src/stm32f4xx_it.o
                0x00000000080009b0                NMI_Handler
 .text.HardFault_Handler
                0x00000000080009b6        0x6 Core/Src/stm32f4xx_it.o
                0x00000000080009b6                HardFault_Handler
 .text.MemManage_Handler
                0x00000000080009bc        0x6 Core/Src/stm32f4xx_it.o
                0x00000000080009bc                MemManage_Handler
 .text.BusFault_Handler
                0x00000000080009c2        0x6 Core/Src/stm32f4xx_it.o
                0x00000000080009c2                BusFault_Handler
 .text.UsageFault_Handler
                0x00000000080009c8        0x6 Core/Src/stm32f4xx_it.o
                0x00000000080009c8                UsageFault_Handler
 .text.DebugMon_Handler
                0x00000000080009ce        0xe Core/Src/stm32f4xx_it.o
                0x00000000080009ce                DebugMon_Handler
 .text.TIM7_IRQHandler
                0x00000000080009dc       0x14 Core/Src/stm32f4xx_it.o
                0x00000000080009dc                TIM7_IRQHandler
 .text._sbrk    0x00000000080009f0       0x6c Core/Src/sysmem.o
                0x00000000080009f0                _sbrk
 .text.SystemInit
                0x0000000008000a5c       0x2c Core/Src/system_stm32f4xx.o
                0x0000000008000a5c                SystemInit
 .text.Reset_Handler
                0x0000000008000a88       0x50 Core/Startup/startup_stm32f407vgtx.o
                0x0000000008000a88                Reset_Handler
 .text.Default_Handler
                0x0000000008000ad8        0x2 Core/Startup/startup_stm32f407vgtx.o
                0x0000000008000ad8                DMA1_Stream3_IRQHandler
                0x0000000008000ad8                HASH_RNG_IRQHandler
                0x0000000008000ad8                EXTI2_IRQHandler
                0x0000000008000ad8                TIM8_CC_IRQHandler
                0x0000000008000ad8                TIM1_CC_IRQHandler
                0x0000000008000ad8                DMA2_Stream5_IRQHandler
                0x0000000008000ad8                DMA1_Stream5_IRQHandler
                0x0000000008000ad8                PVD_IRQHandler
                0x0000000008000ad8                SDIO_IRQHandler
                0x0000000008000ad8                TAMP_STAMP_IRQHandler
                0x0000000008000ad8                CAN2_RX1_IRQHandler
                0x0000000008000ad8                EXTI3_IRQHandler
                0x0000000008000ad8                TIM8_TRG_COM_TIM14_IRQHandler
                0x0000000008000ad8                TIM1_UP_TIM10_IRQHandler
                0x0000000008000ad8                TIM8_UP_TIM13_IRQHandler
                0x0000000008000ad8                I2C3_ER_IRQHandler
                0x0000000008000ad8                EXTI0_IRQHandler
                0x0000000008000ad8                I2C2_EV_IRQHandler
                0x0000000008000ad8                DMA1_Stream2_IRQHandler
                0x0000000008000ad8                CAN1_RX0_IRQHandler
                0x0000000008000ad8                FPU_IRQHandler
                0x0000000008000ad8                OTG_HS_WKUP_IRQHandler
                0x0000000008000ad8                CAN2_SCE_IRQHandler
                0x0000000008000ad8                DMA2_Stream2_IRQHandler
                0x0000000008000ad8                SPI1_IRQHandler
                0x0000000008000ad8                TIM6_DAC_IRQHandler
                0x0000000008000ad8                TIM1_BRK_TIM9_IRQHandler
                0x0000000008000ad8                DCMI_IRQHandler
                0x0000000008000ad8                CAN2_RX0_IRQHandler
                0x0000000008000ad8                DMA2_Stream3_IRQHandler
                0x0000000008000ad8                USART6_IRQHandler
                0x0000000008000ad8                USART3_IRQHandler
                0x0000000008000ad8                CAN1_RX1_IRQHandler
                0x0000000008000ad8                UART5_IRQHandler
                0x0000000008000ad8                DMA2_Stream0_IRQHandler
                0x0000000008000ad8                TIM4_IRQHandler
                0x0000000008000ad8                I2C1_EV_IRQHandler
                0x0000000008000ad8                DMA1_Stream6_IRQHandler
                0x0000000008000ad8                DMA1_Stream1_IRQHandler
                0x0000000008000ad8                UART4_IRQHandler
                0x0000000008000ad8                TIM3_IRQHandler
                0x0000000008000ad8                RCC_IRQHandler
                0x0000000008000ad8                TIM8_BRK_TIM12_IRQHandler
                0x0000000008000ad8                Default_Handler
                0x0000000008000ad8                EXTI15_10_IRQHandler
                0x0000000008000ad8                ADC_IRQHandler
                0x0000000008000ad8                DMA1_Stream7_IRQHandler
                0x0000000008000ad8                CAN2_TX_IRQHandler
                0x0000000008000ad8                TIM5_IRQHandler
                0x0000000008000ad8                DMA2_Stream7_IRQHandler
                0x0000000008000ad8                I2C3_EV_IRQHandler
                0x0000000008000ad8                EXTI9_5_IRQHandler
                0x0000000008000ad8                RTC_WKUP_IRQHandler
                0x0000000008000ad8                ETH_WKUP_IRQHandler
                0x0000000008000ad8                SPI2_IRQHandler
                0x0000000008000ad8                OTG_HS_EP1_IN_IRQHandler
                0x0000000008000ad8                DMA1_Stream0_IRQHandler
                0x0000000008000ad8                CAN1_TX_IRQHandler
                0x0000000008000ad8                EXTI4_IRQHandler
                0x0000000008000ad8                FSMC_IRQHandler
                0x0000000008000ad8                ETH_IRQHandler
                0x0000000008000ad8                OTG_HS_EP1_OUT_IRQHandler
                0x0000000008000ad8                WWDG_IRQHandler
                0x0000000008000ad8                TIM2_IRQHandler
                0x0000000008000ad8                OTG_FS_WKUP_IRQHandler
                0x0000000008000ad8                TIM1_TRG_COM_TIM11_IRQHandler
                0x0000000008000ad8                OTG_HS_IRQHandler
                0x0000000008000ad8                EXTI1_IRQHandler
                0x0000000008000ad8                USART2_IRQHandler
                0x0000000008000ad8                I2C2_ER_IRQHandler
                0x0000000008000ad8                DMA2_Stream1_IRQHandler
                0x0000000008000ad8                CAN1_SCE_IRQHandler
                0x0000000008000ad8                FLASH_IRQHandler
                0x0000000008000ad8                DMA2_Stream4_IRQHandler
                0x0000000008000ad8                USART1_IRQHandler
                0x0000000008000ad8                OTG_FS_IRQHandler
                0x0000000008000ad8                SPI3_IRQHandler
                0x0000000008000ad8                DMA1_Stream4_IRQHandler
                0x0000000008000ad8                I2C1_ER_IRQHandler
                0x0000000008000ad8                DMA2_Stream6_IRQHandler
                0x0000000008000ad8                RTC_Alarm_IRQHandler
 *fill*         0x0000000008000ada        0x2 
 .text.HAL_Init
                0x0000000008000adc       0x44 Drivers/STM32F4xx_HAL_Driver/Src/stm32f4xx_hal.o
                0x0000000008000adc                HAL_Init
 .text.HAL_IncTick
                0x0000000008000b20       0x28 Drivers/STM32F4xx_HAL_Driver/Src/stm32f4xx_hal.o
                0x0000000008000b20                HAL_IncTick
 .text.HAL_GetTick
                0x0000000008000b48       0x18 Drivers/STM32F4xx_HAL_Driver/Src/stm32f4xx_hal.o
                0x0000000008000b48                HAL_GetTick
 .text.__NVIC_SetPriorityGrouping
                0x0000000008000b60       0x48 Drivers/STM32F4xx_HAL_Driver/Src/stm32f4xx_hal_cortex.o
 .text.__NVIC_GetPriorityGrouping
                0x0000000008000ba8       0x1c Drivers/STM32F4xx_HAL_Driver/Src/stm32f4xx_hal_cortex.o
 .text.__NVIC_EnableIRQ
                0x0000000008000bc4       0x3c Drivers/STM32F4xx_HAL_Driver/Src/stm32f4xx_hal_cortex.o
 .text.__NVIC_SetPriority
                0x0000000008000c00       0x54 Drivers/STM32F4xx_HAL_Driver/Src/stm32f4xx_hal_cortex.o
 .text.NVIC_EncodePriority
                0x0000000008000c54       0x66 Drivers/STM32F4xx_HAL_Driver/Src/stm32f4xx_hal_cortex.o
 .text.HAL_NVIC_SetPriorityGrouping
                0x0000000008000cba       0x16 Drivers/STM32F4xx_HAL_Driver/Src/stm32f4xx_hal_cortex.o
                0x0000000008000cba                HAL_NVIC_SetPriorityGrouping
 .text.HAL_NVIC_SetPriority
                0x0000000008000cd0       0x38 Drivers/STM32F4xx_HAL_Driver/Src/stm32f4xx_hal_cortex.o
                0x0000000008000cd0                HAL_NVIC_SetPriority
 .text.HAL_NVIC_EnableIRQ
                0x0000000008000d08       0x1c Drivers/STM32F4xx_HAL_Driver/Src/stm32f4xx_hal_cortex.o
                0x0000000008000d08                HAL_NVIC_EnableIRQ
 .text.HAL_GPIO_Init
                0x0000000008000d24      0x334 Drivers/STM32F4xx_HAL_Driver/Src/stm32f4xx_hal_gpio.o
                0x0000000008000d24                HAL_GPIO_Init
 .text.HAL_GPIO_WritePin
                0x0000000008001058       0x32 Drivers/STM32F4xx_HAL_Driver/Src/stm32f4xx_hal_gpio.o
                0x0000000008001058                HAL_GPIO_WritePin
 *fill*         0x000000000800108a        0x2 
 .text.HAL_RCC_OscConfig
                0x000000000800108c      0x4e0 Drivers/STM32F4xx_HAL_Driver/Src/stm32f4xx_hal_rcc.o
                0x000000000800108c                HAL_RCC_OscConfig
 .text.HAL_RCC_ClockConfig
                0x000000000800156c      0x1cc Drivers/STM32F4xx_HAL_Driver/Src/stm32f4xx_hal_rcc.o
                0x000000000800156c                HAL_RCC_ClockConfig
 .text.HAL_RCC_GetSysClockFreq
                0x0000000008001738      0x164 Drivers/STM32F4xx_HAL_Driver/Src/stm32f4xx_hal_rcc.o
                0x0000000008001738                HAL_RCC_GetSysClockFreq
 .text.HAL_RCC_GetHCLKFreq
                0x000000000800189c       0x18 Drivers/STM32F4xx_HAL_Driver/Src/stm32f4xx_hal_rcc.o
                0x000000000800189c                HAL_RCC_GetHCLKFreq
 .text.HAL_RCC_GetPCLK1Freq
                0x00000000080018b4       0x28 Drivers/STM32F4xx_HAL_Driver/Src/stm32f4xx_hal_rcc.o
                0x00000000080018b4                HAL_RCC_GetPCLK1Freq
 .text.HAL_RCC_GetPCLK2Freq
                0x00000000080018dc       0x28 Drivers/STM32F4xx_HAL_Driver/Src/stm32f4xx_hal_rcc.o
                0x00000000080018dc                HAL_RCC_GetPCLK2Freq
 .text.HAL_RCC_GetClockConfig
                0x0000000008001904       0x64 Drivers/STM32F4xx_HAL_Driver/Src/stm32f4xx_hal_rcc.o
                0x0000000008001904                HAL_RCC_GetClockConfig
 .text.HAL_TIM_Base_Init
                0x0000000008001968       0x56 Drivers/STM32F4xx_HAL_Driver/Src/stm32f4xx_hal_tim.o
                0x0000000008001968                HAL_TIM_Base_Init
 .text.HAL_TIM_Base_MspInit
                0x00000000080019be       0x14 Drivers/STM32F4xx_HAL_Driver/Src/stm32f4xx_hal_tim.o
                0x00000000080019be                HAL_TIM_Base_MspInit
 .text.HAL_TIM_Base_Start_IT
                0x00000000080019d2       0x48 Drivers/STM32F4xx_HAL_Driver/Src/stm32f4xx_hal_tim.o
                0x00000000080019d2                HAL_TIM_Base_Start_IT
 .text.HAL_TIM_IRQHandler
                0x0000000008001a1a      0x210 Drivers/STM32F4xx_HAL_Driver/Src/stm32f4xx_hal_tim.o
                0x0000000008001a1a                HAL_TIM_IRQHandler
 .text.HAL_TIM_OC_DelayElapsedCallback
                0x0000000008001c2a       0x14 Drivers/STM32F4xx_HAL_Driver/Src/stm32f4xx_hal_tim.o
                0x0000000008001c2a                HAL_TIM_OC_DelayElapsedCallback
 .text.HAL_TIM_IC_CaptureCallback
                0x0000000008001c3e       0x14 Drivers/STM32F4xx_HAL_Driver/Src/stm32f4xx_hal_tim.o
                0x0000000008001c3e                HAL_TIM_IC_CaptureCallback
 .text.HAL_TIM_PWM_PulseFinishedCallback
                0x0000000008001c52       0x14 Drivers/STM32F4xx_HAL_Driver/Src/stm32f4xx_hal_tim.o
                0x0000000008001c52                HAL_TIM_PWM_PulseFinishedCallback
 .text.HAL_TIM_TriggerCallback
                0x0000000008001c66       0x14 Drivers/STM32F4xx_HAL_Driver/Src/stm32f4xx_hal_tim.o
                0x0000000008001c66                HAL_TIM_TriggerCallback
 *fill*         0x0000000008001c7a        0x2 
 .text.TIM_Base_SetConfig
                0x0000000008001c7c      0x140 Drivers/STM32F4xx_HAL_Driver/Src/stm32f4xx_hal_tim.o
                0x0000000008001c7c                TIM_Base_SetConfig
 .text.HAL_TIMEx_CommutCallback
                0x0000000008001dbc       0x14 Drivers/STM32F4xx_HAL_Driver/Src/stm32f4xx_hal_tim_ex.o
                0x0000000008001dbc                HAL_TIMEx_CommutCallback
 .text.HAL_TIMEx_BreakCallback
                0x0000000008001dd0       0x14 Drivers/STM32F4xx_HAL_Driver/Src/stm32f4xx_hal_tim_ex.o
                0x0000000008001dd0                HAL_TIMEx_BreakCallback
 .text.HAL_UART_Init
                0x0000000008001de4       0x9a Drivers/STM32F4xx_HAL_Driver/Src/stm32f4xx_hal_uart.o
                0x0000000008001de4                HAL_UART_Init
 .text.HAL_UART_Transmit
                0x0000000008001e7e      0x132 Drivers/STM32F4xx_HAL_Driver/Src/stm32f4xx_hal_uart.o
                0x0000000008001e7e                HAL_UART_Transmit
 .text.UART_WaitOnFlagUntilTimeout
                0x0000000008001fb0       0x94 Drivers/STM32F4xx_HAL_Driver/Src/stm32f4xx_hal_uart.o
 .text.UART_SetConfig
                0x0000000008002044      0x6f8 Drivers/STM32F4xx_HAL_Driver/Src/stm32f4xx_hal_uart.o
 .text.vListInitialise
                0x000000000800273c       0x40 FreeRTOS/list.o
                0x000000000800273c                vListInitialise
 .text.vListInitialiseItem
                0x000000000800277c       0x1a FreeRTOS/list.o
                0x000000000800277c                vListInitialiseItem
 .text.vListInsertEnd
                0x0000000008002796       0x48 FreeRTOS/list.o
                0x0000000008002796                vListInsertEnd
 .text.vListInsert
                0x00000000080027de       0x72 FreeRTOS/list.o
                0x00000000080027de                vListInsert
 .text.uxListRemove
                0x0000000008002850       0x54 FreeRTOS/list.o
                0x0000000008002850                uxListRemove
 .text.xQueueGenericReset
                0x00000000080028a4       0xd0 FreeRTOS/queue.o
                0x00000000080028a4                xQueueGenericReset
 .text.xQueueGenericCreate
                0x0000000008002974       0x76 FreeRTOS/queue.o
                0x0000000008002974                xQueueGenericCreate
 .text.prvInitialiseNewQueue
                0x00000000080029ea       0x46 FreeRTOS/queue.o
 .text.xQueueGenericSend
                0x0000000008002a30      0x1f4 FreeRTOS/queue.o
                0x0000000008002a30                xQueueGenericSend
 .text.xQueueGenericSendFromISR
                0x0000000008002c24      0x128 FreeRTOS/queue.o
                0x0000000008002c24                xQueueGenericSendFromISR
 .text.xQueueReceive
                0x0000000008002d4c      0x1b8 FreeRTOS/queue.o
                0x0000000008002d4c                xQueueReceive
 .text.prvCopyDataToQueue
                0x0000000008002f04       0xd4 FreeRTOS/queue.o
 .text.prvCopyDataFromQueue
                0x0000000008002fd8       0x4c FreeRTOS/queue.o
 .text.prvUnlockQueue
                0x0000000008003024       0xa4 FreeRTOS/queue.o
 .text.prvIsQueueEmpty
                0x00000000080030c8       0x2c FreeRTOS/queue.o
 .text.prvIsQueueFull
                0x00000000080030f4       0x30 FreeRTOS/queue.o
 .text.vQueueAddToRegistry
                0x0000000008003124       0x50 FreeRTOS/queue.o
                0x0000000008003124                vQueueAddToRegistry
 .text.vQueueWaitForMessageRestricted
                0x0000000008003174       0x68 FreeRTOS/queue.o
                0x0000000008003174                vQueueWaitForMessageRestricted
 .text.xTaskCreate
                0x00000000080031dc       0x82 FreeRTOS/tasks.o
                0x00000000080031dc                xTaskCreate
 .text.prvInitialiseNewTask
                0x000000000800325e      0x11c FreeRTOS/tasks.o
 *fill*         0x000000000800337a        0x2 
 .text.prvAddNewTaskToReadyList
                0x000000000800337c       0xdc FreeRTOS/tasks.o
 .text.vTaskDelay
                0x0000000008003458       0x68 FreeRTOS/tasks.o
                0x0000000008003458                vTaskDelay
 .text.vTaskStartScheduler
                0x00000000080034c0       0x98 FreeRTOS/tasks.o
                0x00000000080034c0                vTaskStartScheduler
 .text.vTaskSuspendAll
                0x0000000008003558       0x1c FreeRTOS/tasks.o
                0x0000000008003558                vTaskSuspendAll
 .text.xTaskResumeAll
                0x0000000008003574      0x138 FreeRTOS/tasks.o
                0x0000000008003574                xTaskResumeAll
 .text.xTaskGetTickCount
                0x00000000080036ac       0x20 FreeRTOS/tasks.o
                0x00000000080036ac                xTaskGetTickCount
 .text.xTaskIncrementTick
                0x00000000080036cc      0x170 FreeRTOS/tasks.o
                0x00000000080036cc                xTaskIncrementTick
 .text.vTaskSwitchContext
                0x000000000800383c       0xb4 FreeRTOS/tasks.o
                0x000000000800383c                vTaskSwitchContext
 .text.vTaskPlaceOnEventList
                0x00000000080038f0       0x48 FreeRTOS/tasks.o
                0x00000000080038f0                vTaskPlaceOnEventList
 .text.vTaskPlaceOnEventListRestricted
                0x0000000008003938       0x54 FreeRTOS/tasks.o
                0x0000000008003938                vTaskPlaceOnEventListRestricted
 .text.xTaskRemoveFromEventList
                0x000000000800398c       0xc4 FreeRTOS/tasks.o
                0x000000000800398c                xTaskRemoveFromEventList
 .text.vTaskInternalSetTimeOutState
                0x0000000008003a50       0x2c FreeRTOS/tasks.o
                0x0000000008003a50                vTaskInternalSetTimeOutState
 .text.xTaskCheckForTimeOut
                0x0000000008003a7c       0xc0 FreeRTOS/tasks.o
                0x0000000008003a7c                xTaskCheckForTimeOut
 .text.vTaskMissedYield
                0x0000000008003b3c       0x18 FreeRTOS/tasks.o
                0x0000000008003b3c                vTaskMissedYield
 .text.prvIdleTask
                0x0000000008003b54       0x30 FreeRTOS/tasks.o
 .text.prvInitialiseTaskLists
                0x0000000008003b84       0x80 FreeRTOS/tasks.o
 .text.prvCheckTasksWaitingTermination
                0x0000000008003c04       0x58 FreeRTOS/tasks.o
 .text.prvDeleteTCB
                0x0000000008003c5c       0x20 FreeRTOS/tasks.o
 .text.prvResetNextTaskUnblockTime
                0x0000000008003c7c       0x40 FreeRTOS/tasks.o
 .text.xTaskGetSchedulerState
                0x0000000008003cbc       0x3c FreeRTOS/tasks.o
                0x0000000008003cbc                xTaskGetSchedulerState
 .text.xTaskPriorityDisinherit
                0x0000000008003cf8      0x108 FreeRTOS/tasks.o
                0x0000000008003cf8                xTaskPriorityDisinherit
 .text.prvAddCurrentTaskToDelayedList
                0x0000000008003e00       0xcc FreeRTOS/tasks.o
 .text.xTimerCreateTimerTask
                0x0000000008003ecc       0x64 FreeRTOS/timers.o
                0x0000000008003ecc                xTimerCreateTimerTask
 .text.xTimerGenericCommand
                0x0000000008003f30       0x98 FreeRTOS/timers.o
                0x0000000008003f30                xTimerGenericCommand
 .text.prvProcessExpiredTimer
                0x0000000008003fc8       0x98 FreeRTOS/timers.o
 .text.prvTimerTask
                0x0000000008004060       0x24 FreeRTOS/timers.o
 .text.prvProcessTimerOrBlockTask
                0x0000000008004084       0x9c FreeRTOS/timers.o
 .text.prvGetNextExpireTime
                0x0000000008004120       0x48 FreeRTOS/timers.o
 .text.prvSampleTimeNow
                0x0000000008004168       0x40 FreeRTOS/timers.o
 .text.prvInsertTimerInActiveList
                0x00000000080041a8       0x84 FreeRTOS/timers.o
 .text.prvProcessReceivedCommands
                0x000000000800422c      0x188 FreeRTOS/timers.o
 .text.prvSwitchTimerLists
                0x00000000080043b4       0xc8 FreeRTOS/timers.o
 .text.prvCheckForValidListAndQueue
                0x000000000800447c       0x6c FreeRTOS/timers.o
 .text.pxPortInitialiseStack
                0x00000000080044e8       0x68 FreeRTOS/portable/ARM_CM4F/port.o
                0x00000000080044e8                pxPortInitialiseStack
 .text.prvTaskExitError
                0x0000000008004550       0x54 FreeRTOS/portable/ARM_CM4F/port.o
 *fill*         0x00000000080045a4        0xc 
 .text.SVC_Handler
                0x00000000080045b0       0x28 FreeRTOS/portable/ARM_CM4F/port.o
                0x00000000080045b0                SVC_Handler
 .text.prvPortStartFirstTask
                0x00000000080045d8       0x28 FreeRTOS/portable/ARM_CM4F/port.o
 .text.xPortStartScheduler
                0x0000000008004600      0x13c FreeRTOS/portable/ARM_CM4F/port.o
                0x0000000008004600                xPortStartScheduler
 .text.vPortEnterCritical
                0x000000000800473c       0x5c FreeRTOS/portable/ARM_CM4F/port.o
                0x000000000800473c                vPortEnterCritical
 .text.vPortExitCritical
                0x0000000008004798       0x50 FreeRTOS/portable/ARM_CM4F/port.o
                0x0000000008004798                vPortExitCritical
 *fill*         0x00000000080047e8        0x8 
 .text.PendSV_Handler
                0x00000000080047f0       0x68 FreeRTOS/portable/ARM_CM4F/port.o
                0x00000000080047f0                PendSV_Handler
 .text.SysTick_Handler
                0x0000000008004858       0x40 FreeRTOS/portable/ARM_CM4F/port.o
                0x0000000008004858                SysTick_Handler
 .text.vPortSetupTimerInterrupt
                0x0000000008004898       0x48 FreeRTOS/portable/ARM_CM4F/port.o
                0x0000000008004898                vPortSetupTimerInterrupt
 .text.vPortEnableVFP
                0x00000000080048e0       0x14 FreeRTOS/portable/ARM_CM4F/port.o
 .text.vPortValidateInterruptPriority
                0x00000000080048f4       0x7c FreeRTOS/portable/ARM_CM4F/port.o
                0x00000000080048f4                vPortValidateInterruptPriority
 .text.pvPortMalloc
                0x0000000008004970      0x184 FreeRTOS/portable/MemMang/heap_4.o
                0x0000000008004970                pvPortMalloc
 .text.vPortFree
                0x0000000008004af4       0xb0 FreeRTOS/portable/MemMang/heap_4.o
                0x0000000008004af4                vPortFree
 .text.prvHeapInit
                0x0000000008004ba4       0xc4 FreeRTOS/portable/MemMang/heap_4.o
 .text.prvInsertBlockIntoFreeList
                0x0000000008004c68       0xb4 FreeRTOS/portable/MemMang/heap_4.o
 .text.__errno  0x0000000008004d1c        0xc /Applications/STM32CubeIDE.app/Contents/Eclipse/plugins/com.st.stm32cube.ide.mcu.externaltools.gnu-tools-for-stm32.7-2018-q2-update.macos64_1.5.0.202011040924/tools/bin/../lib/gcc/arm-none-eabi/7.3.1/../../../../arm-none-eabi/lib/thumb/v7e-m/fpv4-sp/hard/libc_nano.a(lib_a-errno.o)
                0x0000000008004d1c                __errno
 .text.__libc_init_array
                0x0000000008004d28       0x48 /Applications/STM32CubeIDE.app/Contents/Eclipse/plugins/com.st.stm32cube.ide.mcu.externaltools.gnu-tools-for-stm32.7-2018-q2-update.macos64_1.5.0.202011040924/tools/bin/../lib/gcc/arm-none-eabi/7.3.1/../../../../arm-none-eabi/lib/thumb/v7e-m/fpv4-sp/hard/libc_nano.a(lib_a-init.o)
                0x0000000008004d28                __libc_init_array
 .text.__itoa   0x0000000008004d70       0x30 /Applications/STM32CubeIDE.app/Contents/Eclipse/plugins/com.st.stm32cube.ide.mcu.externaltools.gnu-tools-for-stm32.7-2018-q2-update.macos64_1.5.0.202011040924/tools/bin/../lib/gcc/arm-none-eabi/7.3.1/../../../../arm-none-eabi/lib/thumb/v7e-m/fpv4-sp/hard/libc_nano.a(lib_a-itoa.o)
                0x0000000008004d70                __itoa
 .text.itoa     0x0000000008004da0        0x4 /Applications/STM32CubeIDE.app/Contents/Eclipse/plugins/com.st.stm32cube.ide.mcu.externaltools.gnu-tools-for-stm32.7-2018-q2-update.macos64_1.5.0.202011040924/tools/bin/../lib/gcc/arm-none-eabi/7.3.1/../../../../arm-none-eabi/lib/thumb/v7e-m/fpv4-sp/hard/libc_nano.a(lib_a-itoa.o)
                0x0000000008004da0                itoa
 .text.memcpy   0x0000000008004da4       0x16 /Applications/STM32CubeIDE.app/Contents/Eclipse/plugins/com.st.stm32cube.ide.mcu.externaltools.gnu-tools-for-stm32.7-2018-q2-update.macos64_1.5.0.202011040924/tools/bin/../lib/gcc/arm-none-eabi/7.3.1/../../../../arm-none-eabi/lib/thumb/v7e-m/fpv4-sp/hard/libc_nano.a(lib_a-memcpy-stub.o)
                0x0000000008004da4                memcpy
 .text.memset   0x0000000008004dba       0x10 /Applications/STM32CubeIDE.app/Contents/Eclipse/plugins/com.st.stm32cube.ide.mcu.externaltools.gnu-tools-for-stm32.7-2018-q2-update.macos64_1.5.0.202011040924/tools/bin/../lib/gcc/arm-none-eabi/7.3.1/../../../../arm-none-eabi/lib/thumb/v7e-m/fpv4-sp/hard/libc_nano.a(lib_a-memset.o)
                0x0000000008004dba                memset
 *fill*         0x0000000008004dca        0x2 
 .text.sprintf  0x0000000008004dcc       0x40 /Applications/STM32CubeIDE.app/Contents/Eclipse/plugins/com.st.stm32cube.ide.mcu.externaltools.gnu-tools-for-stm32.7-2018-q2-update.macos64_1.5.0.202011040924/tools/bin/../lib/gcc/arm-none-eabi/7.3.1/../../../../arm-none-eabi/lib/thumb/v7e-m/fpv4-sp/hard/libc_nano.a(lib_a-sprintf.o)
                0x0000000008004dcc                sprintf
                0x0000000008004dcc                siprintf
 .text.__utoa   0x0000000008004e0c       0x7c /Applications/STM32CubeIDE.app/Contents/Eclipse/plugins/com.st.stm32cube.ide.mcu.externaltools.gnu-tools-for-stm32.7-2018-q2-update.macos64_1.5.0.202011040924/tools/bin/../lib/gcc/arm-none-eabi/7.3.1/../../../../arm-none-eabi/lib/thumb/v7e-m/fpv4-sp/hard/libc_nano.a(lib_a-utoa.o)
                0x0000000008004e0c                __utoa
 .text.__ssputs_r
                0x0000000008004e88       0xb4 /Applications/STM32CubeIDE.app/Contents/Eclipse/plugins/com.st.stm32cube.ide.mcu.externaltools.gnu-tools-for-stm32.7-2018-q2-update.macos64_1.5.0.202011040924/tools/bin/../lib/gcc/arm-none-eabi/7.3.1/../../../../arm-none-eabi/lib/thumb/v7e-m/fpv4-sp/hard/libc_nano.a(lib_a-nano-svfprintf.o)
                0x0000000008004e88                __ssputs_r
 .text._svfprintf_r
                0x0000000008004f3c      0x1f0 /Applications/STM32CubeIDE.app/Contents/Eclipse/plugins/com.st.stm32cube.ide.mcu.externaltools.gnu-tools-for-stm32.7-2018-q2-update.macos64_1.5.0.202011040924/tools/bin/../lib/gcc/arm-none-eabi/7.3.1/../../../../arm-none-eabi/lib/thumb/v7e-m/fpv4-sp/hard/libc_nano.a(lib_a-nano-svfprintf.o)
                0x0000000008004f3c                _svfprintf_r
                0x0000000008004f3c                _svfiprintf_r
 .text._printf_common
                0x000000000800512c       0xea /Applications/STM32CubeIDE.app/Contents/Eclipse/plugins/com.st.stm32cube.ide.mcu.externaltools.gnu-tools-for-stm32.7-2018-q2-update.macos64_1.5.0.202011040924/tools/bin/../lib/gcc/arm-none-eabi/7.3.1/../../../../arm-none-eabi/lib/thumb/v7e-m/fpv4-sp/hard/libc_nano.a(lib_a-nano-vfprintf_i.o)
                0x000000000800512c                _printf_common
 *fill*         0x0000000008005216        0x2 
 .text._printf_i
                0x0000000008005218      0x224 /Applications/STM32CubeIDE.app/Contents/Eclipse/plugins/com.st.stm32cube.ide.mcu.externaltools.gnu-tools-for-stm32.7-2018-q2-update.macos64_1.5.0.202011040924/tools/bin/../lib/gcc/arm-none-eabi/7.3.1/../../../../arm-none-eabi/lib/thumb/v7e-m/fpv4-sp/hard/libc_nano.a(lib_a-nano-vfprintf_i.o)
                0x0000000008005218                _printf_i
 .text.memmove  0x000000000800543c       0x32 /Applications/STM32CubeIDE.app/Contents/Eclipse/plugins/com.st.stm32cube.ide.mcu.externaltools.gnu-tools-for-stm32.7-2018-q2-update.macos64_1.5.0.202011040924/tools/bin/../lib/gcc/arm-none-eabi/7.3.1/../../../../arm-none-eabi/lib/thumb/v7e-m/fpv4-sp/hard/libc_nano.a(lib_a-memmove.o)
                0x000000000800543c                memmove
 *fill*         0x000000000800546e        0x2 
 .text._free_r  0x0000000008005470       0x9c /Applications/STM32CubeIDE.app/Contents/Eclipse/plugins/com.st.stm32cube.ide.mcu.externaltools.gnu-tools-for-stm32.7-2018-q2-update.macos64_1.5.0.202011040924/tools/bin/../lib/gcc/arm-none-eabi/7.3.1/../../../../arm-none-eabi/lib/thumb/v7e-m/fpv4-sp/hard/libc_nano.a(lib_a-nano-freer.o)
                0x0000000008005470                _free_r
 .text._malloc_r
                0x000000000800550c       0xb4 /Applications/STM32CubeIDE.app/Contents/Eclipse/plugins/com.st.stm32cube.ide.mcu.externaltools.gnu-tools-for-stm32.7-2018-q2-update.macos64_1.5.0.202011040924/tools/bin/../lib/gcc/arm-none-eabi/7.3.1/../../../../arm-none-eabi/lib/thumb/v7e-m/fpv4-sp/hard/libc_nano.a(lib_a-nano-mallocr.o)
                0x000000000800550c                _malloc_r
 .text._realloc_r
                0x00000000080055c0       0x4c /Applications/STM32CubeIDE.app/Contents/Eclipse/plugins/com.st.stm32cube.ide.mcu.externaltools.gnu-tools-for-stm32.7-2018-q2-update.macos64_1.5.0.202011040924/tools/bin/../lib/gcc/arm-none-eabi/7.3.1/../../../../arm-none-eabi/lib/thumb/v7e-m/fpv4-sp/hard/libc_nano.a(lib_a-nano-reallocr.o)
                0x00000000080055c0                _realloc_r
 .text._sbrk_r  0x000000000800560c       0x20 /Applications/STM32CubeIDE.app/Contents/Eclipse/plugins/com.st.stm32cube.ide.mcu.externaltools.gnu-tools-for-stm32.7-2018-q2-update.macos64_1.5.0.202011040924/tools/bin/../lib/gcc/arm-none-eabi/7.3.1/../../../../arm-none-eabi/lib/thumb/v7e-m/fpv4-sp/hard/libc_nano.a(lib_a-sbrkr.o)
                0x000000000800560c                _sbrk_r
 .text.__malloc_lock
                0x000000000800562c        0x2 /Applications/STM32CubeIDE.app/Contents/Eclipse/plugins/com.st.stm32cube.ide.mcu.externaltools.gnu-tools-for-stm32.7-2018-q2-update.macos64_1.5.0.202011040924/tools/bin/../lib/gcc/arm-none-eabi/7.3.1/../../../../arm-none-eabi/lib/thumb/v7e-m/fpv4-sp/hard/libc_nano.a(lib_a-mlock.o)
                0x000000000800562c                __malloc_lock
 .text.__malloc_unlock
                0x000000000800562e        0x2 /Applications/STM32CubeIDE.app/Contents/Eclipse/plugins/com.st.stm32cube.ide.mcu.externaltools.gnu-tools-for-stm32.7-2018-q2-update.macos64_1.5.0.202011040924/tools/bin/../lib/gcc/arm-none-eabi/7.3.1/../../../../arm-none-eabi/lib/thumb/v7e-m/fpv4-sp/hard/libc_nano.a(lib_a-mlock.o)
                0x000000000800562e                __malloc_unlock
 .text._malloc_usable_size_r
                0x0000000008005630       0x10 /Applications/STM32CubeIDE.app/Contents/Eclipse/plugins/com.st.stm32cube.ide.mcu.externaltools.gnu-tools-for-stm32.7-2018-q2-update.macos64_1.5.0.202011040924/tools/bin/../lib/gcc/arm-none-eabi/7.3.1/../../../../arm-none-eabi/lib/thumb/v7e-m/fpv4-sp/hard/libc_nano.a(lib_a-nano-msizer.o)
                0x0000000008005630                _malloc_usable_size_r
 *(.glue_7)
 .glue_7        0x0000000008005640        0x0 linker stubs
 *(.glue_7t)
 .glue_7t       0x0000000008005640        0x0 linker stubs
 *(.eh_frame)
 .eh_frame      0x0000000008005640        0x0 /Applications/STM32CubeIDE.app/Contents/Eclipse/plugins/com.st.stm32cube.ide.mcu.externaltools.gnu-tools-for-stm32.7-2018-q2-update.macos64_1.5.0.202011040924/tools/bin/../lib/gcc/arm-none-eabi/7.3.1/thumb/v7e-m/fpv4-sp/hard/crtbegin.o
 *(.init)
 .init          0x0000000008005640        0x4 /Applications/STM32CubeIDE.app/Contents/Eclipse/plugins/com.st.stm32cube.ide.mcu.externaltools.gnu-tools-for-stm32.7-2018-q2-update.macos64_1.5.0.202011040924/tools/bin/../lib/gcc/arm-none-eabi/7.3.1/thumb/v7e-m/fpv4-sp/hard/crti.o
                0x0000000008005640                _init
 .init          0x0000000008005644        0x8 /Applications/STM32CubeIDE.app/Contents/Eclipse/plugins/com.st.stm32cube.ide.mcu.externaltools.gnu-tools-for-stm32.7-2018-q2-update.macos64_1.5.0.202011040924/tools/bin/../lib/gcc/arm-none-eabi/7.3.1/thumb/v7e-m/fpv4-sp/hard/crtn.o
 *(.fini)
 .fini          0x000000000800564c        0x4 /Applications/STM32CubeIDE.app/Contents/Eclipse/plugins/com.st.stm32cube.ide.mcu.externaltools.gnu-tools-for-stm32.7-2018-q2-update.macos64_1.5.0.202011040924/tools/bin/../lib/gcc/arm-none-eabi/7.3.1/thumb/v7e-m/fpv4-sp/hard/crti.o
                0x000000000800564c                _fini
 .fini          0x0000000008005650        0x8 /Applications/STM32CubeIDE.app/Contents/Eclipse/plugins/com.st.stm32cube.ide.mcu.externaltools.gnu-tools-for-stm32.7-2018-q2-update.macos64_1.5.0.202011040924/tools/bin/../lib/gcc/arm-none-eabi/7.3.1/thumb/v7e-m/fpv4-sp/hard/crtn.o
                0x0000000008005658                . = ALIGN (0x4)
                0x0000000008005658                _etext = .

.vfp11_veneer   0x0000000008005658        0x0
 .vfp11_veneer  0x0000000008005658        0x0 linker stubs

.v4_bx          0x0000000008005658        0x0
 .v4_bx         0x0000000008005658        0x0 linker stubs

.iplt           0x0000000008005658        0x0
 .iplt          0x0000000008005658        0x0 /Applications/STM32CubeIDE.app/Contents/Eclipse/plugins/com.st.stm32cube.ide.mcu.externaltools.gnu-tools-for-stm32.7-2018-q2-update.macos64_1.5.0.202011040924/tools/bin/../lib/gcc/arm-none-eabi/7.3.1/thumb/v7e-m/fpv4-sp/hard/crtbegin.o

.rodata         0x0000000008005658       0xac
                0x0000000008005658                . = ALIGN (0x4)
 *(.rodata)
 .rodata        0x0000000008005658       0x22 Core/Src/main.o
 *fill*         0x000000000800567a        0x2 
 .rodata        0x000000000800567c        0x5 FreeRTOS/tasks.o
 *fill*         0x0000000008005681        0x3 
 .rodata        0x0000000008005684        0xd FreeRTOS/timers.o
 *(.rodata*)
 *fill*         0x0000000008005691        0x3 
 .rodata.AHBPrescTable
                0x0000000008005694       0x10 Core/Src/system_stm32f4xx.o
                0x0000000008005694                AHBPrescTable
 .rodata.APBPrescTable
                0x00000000080056a4        0x8 Core/Src/system_stm32f4xx.o
                0x00000000080056a4                APBPrescTable
 .rodata.__utoa.str1.1
                0x00000000080056ac       0x25 /Applications/STM32CubeIDE.app/Contents/Eclipse/plugins/com.st.stm32cube.ide.mcu.externaltools.gnu-tools-for-stm32.7-2018-q2-update.macos64_1.5.0.202011040924/tools/bin/../lib/gcc/arm-none-eabi/7.3.1/../../../../arm-none-eabi/lib/thumb/v7e-m/fpv4-sp/hard/libc_nano.a(lib_a-utoa.o)
 .rodata._svfprintf_r.str1.1
                0x00000000080056d1       0x11 /Applications/STM32CubeIDE.app/Contents/Eclipse/plugins/com.st.stm32cube.ide.mcu.externaltools.gnu-tools-for-stm32.7-2018-q2-update.macos64_1.5.0.202011040924/tools/bin/../lib/gcc/arm-none-eabi/7.3.1/../../../../arm-none-eabi/lib/thumb/v7e-m/fpv4-sp/hard/libc_nano.a(lib_a-nano-svfprintf.o)
 .rodata._printf_i.str1.1
                0x00000000080056e2       0x22 /Applications/STM32CubeIDE.app/Contents/Eclipse/plugins/com.st.stm32cube.ide.mcu.externaltools.gnu-tools-for-stm32.7-2018-q2-update.macos64_1.5.0.202011040924/tools/bin/../lib/gcc/arm-none-eabi/7.3.1/../../../../arm-none-eabi/lib/thumb/v7e-m/fpv4-sp/hard/libc_nano.a(lib_a-nano-vfprintf_i.o)
                0x0000000008005704                . = ALIGN (0x4)

.ARM.extab      0x0000000008005704        0x0
                0x0000000008005704                . = ALIGN (0x4)
 *(.ARM.extab* .gnu.linkonce.armextab.*)
                0x0000000008005704                . = ALIGN (0x4)

.ARM            0x0000000008005704        0x8
                0x0000000008005704                . = ALIGN (0x4)
                0x0000000008005704                __exidx_start = .
 *(.ARM.exidx*)
 .ARM.exidx     0x0000000008005704        0x8 /Applications/STM32CubeIDE.app/Contents/Eclipse/plugins/com.st.stm32cube.ide.mcu.externaltools.gnu-tools-for-stm32.7-2018-q2-update.macos64_1.5.0.202011040924/tools/bin/../lib/gcc/arm-none-eabi/7.3.1/thumb/v7e-m/fpv4-sp/hard/libgcc.a(_udivmoddi4.o)
                0x000000000800570c                __exidx_end = .
                0x000000000800570c                . = ALIGN (0x4)

.rel.dyn        0x000000000800570c        0x0
 .rel.iplt      0x000000000800570c        0x0 /Applications/STM32CubeIDE.app/Contents/Eclipse/plugins/com.st.stm32cube.ide.mcu.externaltools.gnu-tools-for-stm32.7-2018-q2-update.macos64_1.5.0.202011040924/tools/bin/../lib/gcc/arm-none-eabi/7.3.1/thumb/v7e-m/fpv4-sp/hard/crtbegin.o

.preinit_array  0x000000000800570c        0x0
                0x000000000800570c                . = ALIGN (0x4)
                0x000000000800570c                PROVIDE (__preinit_array_start = .)
 *(.preinit_array*)
                0x000000000800570c                PROVIDE (__preinit_array_end = .)
                0x000000000800570c                . = ALIGN (0x4)

.init_array     0x000000000800570c        0x4
                0x000000000800570c                . = ALIGN (0x4)
                0x000000000800570c                PROVIDE (__init_array_start = .)
 *(SORT_BY_NAME(.init_array.*))
 *(.init_array*)
 .init_array    0x000000000800570c        0x4 /Applications/STM32CubeIDE.app/Contents/Eclipse/plugins/com.st.stm32cube.ide.mcu.externaltools.gnu-tools-for-stm32.7-2018-q2-update.macos64_1.5.0.202011040924/tools/bin/../lib/gcc/arm-none-eabi/7.3.1/thumb/v7e-m/fpv4-sp/hard/crtbegin.o
                0x0000000008005710                PROVIDE (__init_array_end = .)
                0x0000000008005710                . = ALIGN (0x4)

.fini_array     0x0000000008005710        0x4
                0x0000000008005710                . = ALIGN (0x4)
                [!provide]                        PROVIDE (__fini_array_start = .)
 *(SORT_BY_NAME(.fini_array.*))
 *(.fini_array*)
 .fini_array    0x0000000008005710        0x4 /Applications/STM32CubeIDE.app/Contents/Eclipse/plugins/com.st.stm32cube.ide.mcu.externaltools.gnu-tools-for-stm32.7-2018-q2-update.macos64_1.5.0.202011040924/tools/bin/../lib/gcc/arm-none-eabi/7.3.1/thumb/v7e-m/fpv4-sp/hard/crtbegin.o
                [!provide]                        PROVIDE (__fini_array_end = .)
                0x0000000008005714                . = ALIGN (0x4)
                0x0000000008005714                _sidata = LOADADDR (.data)

.data           0x0000000020000000       0x74 load address 0x0000000008005714
                0x0000000020000000                . = ALIGN (0x4)
                0x0000000020000000                _sdata = .
 *(.data)
 *(.data*)
 .data.SystemCoreClock
                0x0000000020000000        0x4 Core/Src/system_stm32f4xx.o
                0x0000000020000000                SystemCoreClock
 .data.uwTickPrio
                0x0000000020000004        0x4 Drivers/STM32F4xx_HAL_Driver/Src/stm32f4xx_hal.o
                0x0000000020000004                uwTickPrio
 .data.uwTickFreq
                0x0000000020000008        0x1 Drivers/STM32F4xx_HAL_Driver/Src/stm32f4xx_hal.o
                0x0000000020000008                uwTickFreq
 *fill*         0x0000000020000009        0x3 
 .data.uxCriticalNesting
                0x000000002000000c        0x4 FreeRTOS/portable/ARM_CM4F/port.o
 .data._impure_ptr
                0x0000000020000010        0x4 /Applications/STM32CubeIDE.app/Contents/Eclipse/plugins/com.st.stm32cube.ide.mcu.externaltools.gnu-tools-for-stm32.7-2018-q2-update.macos64_1.5.0.202011040924/tools/bin/../lib/gcc/arm-none-eabi/7.3.1/../../../../arm-none-eabi/lib/thumb/v7e-m/fpv4-sp/hard/libc_nano.a(lib_a-impure.o)
                0x0000000020000010                _impure_ptr
 .data.impure_data
                0x0000000020000014       0x60 /Applications/STM32CubeIDE.app/Contents/Eclipse/plugins/com.st.stm32cube.ide.mcu.externaltools.gnu-tools-for-stm32.7-2018-q2-update.macos64_1.5.0.202011040924/tools/bin/../lib/gcc/arm-none-eabi/7.3.1/../../../../arm-none-eabi/lib/thumb/v7e-m/fpv4-sp/hard/libc_nano.a(lib_a-impure.o)
 *(.RamFunc)
 *(.RamFunc*)
                0x0000000020000074                . = ALIGN (0x4)
                0x0000000020000074                _edata = .

.igot.plt       0x0000000020000074        0x0 load address 0x0000000008005788
 .igot.plt      0x0000000020000074        0x0 /Applications/STM32CubeIDE.app/Contents/Eclipse/plugins/com.st.stm32cube.ide.mcu.externaltools.gnu-tools-for-stm32.7-2018-q2-update.macos64_1.5.0.202011040924/tools/bin/../lib/gcc/arm-none-eabi/7.3.1/thumb/v7e-m/fpv4-sp/hard/crtbegin.o
                0x0000000020000074                . = ALIGN (0x4)

.bss            0x0000000020000074    0x12e50 load address 0x0000000008005788
                0x0000000020000074                _sbss = .
                0x0000000020000074                __bss_start__ = _sbss
 *(.bss)
 .bss           0x0000000020000074       0x1c /Applications/STM32CubeIDE.app/Contents/Eclipse/plugins/com.st.stm32cube.ide.mcu.externaltools.gnu-tools-for-stm32.7-2018-q2-update.macos64_1.5.0.202011040924/tools/bin/../lib/gcc/arm-none-eabi/7.3.1/thumb/v7e-m/fpv4-sp/hard/crtbegin.o
 *(.bss*)
 .bss.__sbrk_heap_end
                0x0000000020000090        0x4 Core/Src/sysmem.o
 .bss.pxCurrentTCB
                0x0000000020000094        0x4 FreeRTOS/tasks.o
                0x0000000020000094                pxCurrentTCB
 .bss.pxReadyTasksLists
                0x0000000020000098       0x64 FreeRTOS/tasks.o
 .bss.xDelayedTaskList1
                0x00000000200000fc       0x14 FreeRTOS/tasks.o
 .bss.xDelayedTaskList2
                0x0000000020000110       0x14 FreeRTOS/tasks.o
 .bss.pxDelayedTaskList
                0x0000000020000124        0x4 FreeRTOS/tasks.o
 .bss.pxOverflowDelayedTaskList
                0x0000000020000128        0x4 FreeRTOS/tasks.o
 .bss.xPendingReadyList
                0x000000002000012c       0x14 FreeRTOS/tasks.o
 .bss.xTasksWaitingTermination
                0x0000000020000140       0x14 FreeRTOS/tasks.o
 .bss.uxDeletedTasksWaitingCleanUp
                0x0000000020000154        0x4 FreeRTOS/tasks.o
 .bss.xSuspendedTaskList
                0x0000000020000158       0x14 FreeRTOS/tasks.o
 .bss.uxCurrentNumberOfTasks
                0x000000002000016c        0x4 FreeRTOS/tasks.o
 .bss.xTickCount
                0x0000000020000170        0x4 FreeRTOS/tasks.o
 .bss.uxTopReadyPriority
                0x0000000020000174        0x4 FreeRTOS/tasks.o
 .bss.xSchedulerRunning
                0x0000000020000178        0x4 FreeRTOS/tasks.o
 .bss.uxPendedTicks
                0x000000002000017c        0x4 FreeRTOS/tasks.o
 .bss.xYieldPending
                0x0000000020000180        0x4 FreeRTOS/tasks.o
 .bss.xNumOfOverflows
                0x0000000020000184        0x4 FreeRTOS/tasks.o
 .bss.uxTaskNumber
                0x0000000020000188        0x4 FreeRTOS/tasks.o
 .bss.xNextTaskUnblockTime
                0x000000002000018c        0x4 FreeRTOS/tasks.o
 .bss.xIdleTaskHandle
                0x0000000020000190        0x4 FreeRTOS/tasks.o
 .bss.uxSchedulerSuspended
                0x0000000020000194        0x4 FreeRTOS/tasks.o
 .bss.xActiveTimerList1
                0x0000000020000198       0x14 FreeRTOS/timers.o
 .bss.xActiveTimerList2
                0x00000000200001ac       0x14 FreeRTOS/timers.o
 .bss.pxCurrentTimerList
                0x00000000200001c0        0x4 FreeRTOS/timers.o
 .bss.pxOverflowTimerList
                0x00000000200001c4        0x4 FreeRTOS/timers.o
 .bss.xTimerQueue
                0x00000000200001c8        0x4 FreeRTOS/timers.o
 .bss.xTimerTaskHandle
                0x00000000200001cc        0x4 FreeRTOS/timers.o
 .bss.xLastTime.6701
                0x00000000200001d0        0x4 FreeRTOS/timers.o
 .bss.ucMaxSysCallPriority
                0x00000000200001d4        0x1 FreeRTOS/portable/ARM_CM4F/port.o
 *fill*         0x00000000200001d5        0x3 
 .bss.ulMaxPRIGROUPValue
                0x00000000200001d8        0x4 FreeRTOS/portable/ARM_CM4F/port.o
 .bss.ucHeap    0x00000000200001dc    0x12c00 FreeRTOS/portable/MemMang/heap_4.o
 .bss.xStart    0x0000000020012ddc        0x8 FreeRTOS/portable/MemMang/heap_4.o
 .bss.pxEnd     0x0000000020012de4        0x4 FreeRTOS/portable/MemMang/heap_4.o
 .bss.xFreeBytesRemaining
                0x0000000020012de8        0x4 FreeRTOS/portable/MemMang/heap_4.o
 .bss.xMinimumEverFreeBytesRemaining
                0x0000000020012dec        0x4 FreeRTOS/portable/MemMang/heap_4.o
 .bss.xBlockAllocatedBit
                0x0000000020012df0        0x4 FreeRTOS/portable/MemMang/heap_4.o
 .bss.__malloc_free_list
                0x0000000020012df4        0x4 /Applications/STM32CubeIDE.app/Contents/Eclipse/plugins/com.st.stm32cube.ide.mcu.externaltools.gnu-tools-for-stm32.7-2018-q2-update.macos64_1.5.0.202011040924/tools/bin/../lib/gcc/arm-none-eabi/7.3.1/../../../../arm-none-eabi/lib/thumb/v7e-m/fpv4-sp/hard/libc_nano.a(lib_a-nano-mallocr.o)
                0x0000000020012df4                __malloc_free_list
 .bss.__malloc_sbrk_start
                0x0000000020012df8        0x4 /Applications/STM32CubeIDE.app/Contents/Eclipse/plugins/com.st.stm32cube.ide.mcu.externaltools.gnu-tools-for-stm32.7-2018-q2-update.macos64_1.5.0.202011040924/tools/bin/../lib/gcc/arm-none-eabi/7.3.1/../../../../arm-none-eabi/lib/thumb/v7e-m/fpv4-sp/hard/libc_nano.a(lib_a-nano-mallocr.o)
                0x0000000020012df8                __malloc_sbrk_start
 *(COMMON)
 COMMON         0x0000000020012dfc       0x40 Core/Src/main.o
                0x0000000020012dfc                huart2
 COMMON         0x0000000020012e3c       0x40 Core/Src/stm32f4xx_hal_timebase_tim.o
                0x0000000020012e3c                htim7
 COMMON         0x0000000020012e7c        0x4 Drivers/STM32F4xx_HAL_Driver/Src/stm32f4xx_hal.o
                0x0000000020012e7c                uwTick
 COMMON         0x0000000020012e80       0x40 FreeRTOS/queue.o
                0x0000000020012e80                xQueueRegistry
 COMMON         0x0000000020012ec0        0x4 /Applications/STM32CubeIDE.app/Contents/Eclipse/plugins/com.st.stm32cube.ide.mcu.externaltools.gnu-tools-for-stm32.7-2018-q2-update.macos64_1.5.0.202011040924/tools/bin/../lib/gcc/arm-none-eabi/7.3.1/../../../../arm-none-eabi/lib/thumb/v7e-m/fpv4-sp/hard/libc_nano.a(lib_a-reent.o)
                0x0000000020012ec0                errno
                0x0000000020012ec4                . = ALIGN (0x4)
                0x0000000020012ec4                _ebss = .
                0x0000000020012ec4                __bss_end__ = _ebss

._user_heap_stack
                0x0000000020012ec4      0x604 load address 0x0000000008005788
                0x0000000020012ec8                . = ALIGN (0x8)
 *fill*         0x0000000020012ec4        0x4 
                [!provide]                        PROVIDE (end = .)
                0x0000000020012ec8                PROVIDE (_end = .)
                0x00000000200130c8                . = (. + _Min_Heap_Size)
 *fill*         0x0000000020012ec8      0x200 
                0x00000000200134c8                . = (. + _Min_Stack_Size)
 *fill*         0x00000000200130c8      0x400 
                0x00000000200134c8                . = ALIGN (0x8)

/DISCARD/
 libc.a(*)
 libm.a(*)
 libgcc.a(*)

.ARM.attributes
                0x0000000000000000       0x30
 *(.ARM.attributes)
 .ARM.attributes
                0x0000000000000000       0x22 /Applications/STM32CubeIDE.app/Contents/Eclipse/plugins/com.st.stm32cube.ide.mcu.externaltools.gnu-tools-for-stm32.7-2018-q2-update.macos64_1.5.0.202011040924/tools/bin/../lib/gcc/arm-none-eabi/7.3.1/thumb/v7e-m/fpv4-sp/hard/crti.o
 .ARM.attributes
                0x0000000000000022       0x34 /Applications/STM32CubeIDE.app/Contents/Eclipse/plugins/com.st.stm32cube.ide.mcu.externaltools.gnu-tools-for-stm32.7-2018-q2-update.macos64_1.5.0.202011040924/tools/bin/../lib/gcc/arm-none-eabi/7.3.1/thumb/v7e-m/fpv4-sp/hard/crtbegin.o
 .ARM.attributes
                0x0000000000000056       0x39 Core/Src/main.o
 .ARM.attributes
                0x000000000000008f       0x39 Core/Src/stm32f4xx_hal_msp.o
 .ARM.attributes
                0x00000000000000c8       0x39 Core/Src/stm32f4xx_hal_timebase_tim.o
 .ARM.attributes
                0x0000000000000101       0x39 Core/Src/stm32f4xx_it.o
 .ARM.attributes
                0x000000000000013a       0x39 Core/Src/sysmem.o
 .ARM.attributes
                0x0000000000000173       0x39 Core/Src/system_stm32f4xx.o
 .ARM.attributes
                0x00000000000001ac       0x21 Core/Startup/startup_stm32f407vgtx.o
 .ARM.attributes
                0x00000000000001cd       0x39 Drivers/STM32F4xx_HAL_Driver/Src/stm32f4xx_hal.o
 .ARM.attributes
                0x0000000000000206       0x39 Drivers/STM32F4xx_HAL_Driver/Src/stm32f4xx_hal_cortex.o
 .ARM.attributes
                0x000000000000023f       0x39 Drivers/STM32F4xx_HAL_Driver/Src/stm32f4xx_hal_gpio.o
 .ARM.attributes
                0x0000000000000278       0x39 Drivers/STM32F4xx_HAL_Driver/Src/stm32f4xx_hal_rcc.o
 .ARM.attributes
                0x00000000000002b1       0x39 Drivers/STM32F4xx_HAL_Driver/Src/stm32f4xx_hal_tim.o
 .ARM.attributes
                0x00000000000002ea       0x39 Drivers/STM32F4xx_HAL_Driver/Src/stm32f4xx_hal_tim_ex.o
 .ARM.attributes
                0x0000000000000323       0x39 Drivers/STM32F4xx_HAL_Driver/Src/stm32f4xx_hal_uart.o
 .ARM.attributes
                0x000000000000035c       0x39 FreeRTOS/list.o
 .ARM.attributes
                0x0000000000000395       0x39 FreeRTOS/queue.o
 .ARM.attributes
                0x00000000000003ce       0x39 FreeRTOS/tasks.o
 .ARM.attributes
                0x0000000000000407       0x39 FreeRTOS/timers.o
 .ARM.attributes
                0x0000000000000440       0x39 FreeRTOS/portable/ARM_CM4F/port.o
 .ARM.attributes
                0x0000000000000479       0x39 FreeRTOS/portable/MemMang/heap_4.o
 .ARM.attributes
                0x00000000000004b2       0x34 /Applications/STM32CubeIDE.app/Contents/Eclipse/plugins/com.st.stm32cube.ide.mcu.externaltools.gnu-tools-for-stm32.7-2018-q2-update.macos64_1.5.0.202011040924/tools/bin/../lib/gcc/arm-none-eabi/7.3.1/../../../../arm-none-eabi/lib/thumb/v7e-m/fpv4-sp/hard/libc_nano.a(lib_a-errno.o)
 .ARM.attributes
                0x00000000000004e6       0x34 /Applications/STM32CubeIDE.app/Contents/Eclipse/plugins/com.st.stm32cube.ide.mcu.externaltools.gnu-tools-for-stm32.7-2018-q2-update.macos64_1.5.0.202011040924/tools/bin/../lib/gcc/arm-none-eabi/7.3.1/../../../../arm-none-eabi/lib/thumb/v7e-m/fpv4-sp/hard/libc_nano.a(lib_a-impure.o)
 .ARM.attributes
                0x000000000000051a       0x34 /Applications/STM32CubeIDE.app/Contents/Eclipse/plugins/com.st.stm32cube.ide.mcu.externaltools.gnu-tools-for-stm32.7-2018-q2-update.macos64_1.5.0.202011040924/tools/bin/../lib/gcc/arm-none-eabi/7.3.1/../../../../arm-none-eabi/lib/thumb/v7e-m/fpv4-sp/hard/libc_nano.a(lib_a-init.o)
 .ARM.attributes
                0x000000000000054e       0x34 /Applications/STM32CubeIDE.app/Contents/Eclipse/plugins/com.st.stm32cube.ide.mcu.externaltools.gnu-tools-for-stm32.7-2018-q2-update.macos64_1.5.0.202011040924/tools/bin/../lib/gcc/arm-none-eabi/7.3.1/../../../../arm-none-eabi/lib/thumb/v7e-m/fpv4-sp/hard/libc_nano.a(lib_a-itoa.o)
 .ARM.attributes
                0x0000000000000582       0x34 /Applications/STM32CubeIDE.app/Contents/Eclipse/plugins/com.st.stm32cube.ide.mcu.externaltools.gnu-tools-for-stm32.7-2018-q2-update.macos64_1.5.0.202011040924/tools/bin/../lib/gcc/arm-none-eabi/7.3.1/../../../../arm-none-eabi/lib/thumb/v7e-m/fpv4-sp/hard/libc_nano.a(lib_a-memcpy-stub.o)
 .ARM.attributes
                0x00000000000005b6       0x34 /Applications/STM32CubeIDE.app/Contents/Eclipse/plugins/com.st.stm32cube.ide.mcu.externaltools.gnu-tools-for-stm32.7-2018-q2-update.macos64_1.5.0.202011040924/tools/bin/../lib/gcc/arm-none-eabi/7.3.1/../../../../arm-none-eabi/lib/thumb/v7e-m/fpv4-sp/hard/libc_nano.a(lib_a-memset.o)
 .ARM.attributes
                0x00000000000005ea       0x34 /Applications/STM32CubeIDE.app/Contents/Eclipse/plugins/com.st.stm32cube.ide.mcu.externaltools.gnu-tools-for-stm32.7-2018-q2-update.macos64_1.5.0.202011040924/tools/bin/../lib/gcc/arm-none-eabi/7.3.1/../../../../arm-none-eabi/lib/thumb/v7e-m/fpv4-sp/hard/libc_nano.a(lib_a-sprintf.o)
 .ARM.attributes
                0x000000000000061e       0x1b /Applications/STM32CubeIDE.app/Contents/Eclipse/plugins/com.st.stm32cube.ide.mcu.externaltools.gnu-tools-for-stm32.7-2018-q2-update.macos64_1.5.0.202011040924/tools/bin/../lib/gcc/arm-none-eabi/7.3.1/../../../../arm-none-eabi/lib/thumb/v7e-m/fpv4-sp/hard/libc_nano.a(lib_a-strlen.o)
 .ARM.attributes
                0x0000000000000639       0x34 /Applications/STM32CubeIDE.app/Contents/Eclipse/plugins/com.st.stm32cube.ide.mcu.externaltools.gnu-tools-for-stm32.7-2018-q2-update.macos64_1.5.0.202011040924/tools/bin/../lib/gcc/arm-none-eabi/7.3.1/../../../../arm-none-eabi/lib/thumb/v7e-m/fpv4-sp/hard/libc_nano.a(lib_a-utoa.o)
 .ARM.attributes
                0x000000000000066d       0x34 /Applications/STM32CubeIDE.app/Contents/Eclipse/plugins/com.st.stm32cube.ide.mcu.externaltools.gnu-tools-for-stm32.7-2018-q2-update.macos64_1.5.0.202011040924/tools/bin/../lib/gcc/arm-none-eabi/7.3.1/../../../../arm-none-eabi/lib/thumb/v7e-m/fpv4-sp/hard/libc_nano.a(lib_a-nano-svfprintf.o)
 .ARM.attributes
                0x00000000000006a1       0x34 /Applications/STM32CubeIDE.app/Contents/Eclipse/plugins/com.st.stm32cube.ide.mcu.externaltools.gnu-tools-for-stm32.7-2018-q2-update.macos64_1.5.0.202011040924/tools/bin/../lib/gcc/arm-none-eabi/7.3.1/../../../../arm-none-eabi/lib/thumb/v7e-m/fpv4-sp/hard/libc_nano.a(lib_a-nano-vfprintf_i.o)
 .ARM.attributes
                0x00000000000006d5       0x20 /Applications/STM32CubeIDE.app/Contents/Eclipse/plugins/com.st.stm32cube.ide.mcu.externaltools.gnu-tools-for-stm32.7-2018-q2-update.macos64_1.5.0.202011040924/tools/bin/../lib/gcc/arm-none-eabi/7.3.1/../../../../arm-none-eabi/lib/thumb/v7e-m/fpv4-sp/hard/libc_nano.a(lib_a-memchr.o)
 .ARM.attributes
                0x00000000000006f5       0x34 /Applications/STM32CubeIDE.app/Contents/Eclipse/plugins/com.st.stm32cube.ide.mcu.externaltools.gnu-tools-for-stm32.7-2018-q2-update.macos64_1.5.0.202011040924/tools/bin/../lib/gcc/arm-none-eabi/7.3.1/../../../../arm-none-eabi/lib/thumb/v7e-m/fpv4-sp/hard/libc_nano.a(lib_a-memmove.o)
 .ARM.attributes
                0x0000000000000729       0x34 /Applications/STM32CubeIDE.app/Contents/Eclipse/plugins/com.st.stm32cube.ide.mcu.externaltools.gnu-tools-for-stm32.7-2018-q2-update.macos64_1.5.0.202011040924/tools/bin/../lib/gcc/arm-none-eabi/7.3.1/../../../../arm-none-eabi/lib/thumb/v7e-m/fpv4-sp/hard/libc_nano.a(lib_a-nano-freer.o)
 .ARM.attributes
                0x000000000000075d       0x34 /Applications/STM32CubeIDE.app/Contents/Eclipse/plugins/com.st.stm32cube.ide.mcu.externaltools.gnu-tools-for-stm32.7-2018-q2-update.macos64_1.5.0.202011040924/tools/bin/../lib/gcc/arm-none-eabi/7.3.1/../../../../arm-none-eabi/lib/thumb/v7e-m/fpv4-sp/hard/libc_nano.a(lib_a-nano-mallocr.o)
 .ARM.attributes
                0x0000000000000791       0x34 /Applications/STM32CubeIDE.app/Contents/Eclipse/plugins/com.st.stm32cube.ide.mcu.externaltools.gnu-tools-for-stm32.7-2018-q2-update.macos64_1.5.0.202011040924/tools/bin/../lib/gcc/arm-none-eabi/7.3.1/../../../../arm-none-eabi/lib/thumb/v7e-m/fpv4-sp/hard/libc_nano.a(lib_a-nano-reallocr.o)
 .ARM.attributes
                0x00000000000007c5       0x34 /Applications/STM32CubeIDE.app/Contents/Eclipse/plugins/com.st.stm32cube.ide.mcu.externaltools.gnu-tools-for-stm32.7-2018-q2-update.macos64_1.5.0.202011040924/tools/bin/../lib/gcc/arm-none-eabi/7.3.1/../../../../arm-none-eabi/lib/thumb/v7e-m/fpv4-sp/hard/libc_nano.a(lib_a-sbrkr.o)
 .ARM.attributes
                0x00000000000007f9       0x34 /Applications/STM32CubeIDE.app/Contents/Eclipse/plugins/com.st.stm32cube.ide.mcu.externaltools.gnu-tools-for-stm32.7-2018-q2-update.macos64_1.5.0.202011040924/tools/bin/../lib/gcc/arm-none-eabi/7.3.1/../../../../arm-none-eabi/lib/thumb/v7e-m/fpv4-sp/hard/libc_nano.a(lib_a-mlock.o)
 .ARM.attributes
                0x000000000000082d       0x34 /Applications/STM32CubeIDE.app/Contents/Eclipse/plugins/com.st.stm32cube.ide.mcu.externaltools.gnu-tools-for-stm32.7-2018-q2-update.macos64_1.5.0.202011040924/tools/bin/../lib/gcc/arm-none-eabi/7.3.1/../../../../arm-none-eabi/lib/thumb/v7e-m/fpv4-sp/hard/libc_nano.a(lib_a-nano-msizer.o)
 .ARM.attributes
                0x0000000000000861       0x34 /Applications/STM32CubeIDE.app/Contents/Eclipse/plugins/com.st.stm32cube.ide.mcu.externaltools.gnu-tools-for-stm32.7-2018-q2-update.macos64_1.5.0.202011040924/tools/bin/../lib/gcc/arm-none-eabi/7.3.1/../../../../arm-none-eabi/lib/thumb/v7e-m/fpv4-sp/hard/libc_nano.a(lib_a-reent.o)
 .ARM.attributes
                0x0000000000000895       0x22 /Applications/STM32CubeIDE.app/Contents/Eclipse/plugins/com.st.stm32cube.ide.mcu.externaltools.gnu-tools-for-stm32.7-2018-q2-update.macos64_1.5.0.202011040924/tools/bin/../lib/gcc/arm-none-eabi/7.3.1/thumb/v7e-m/fpv4-sp/hard/libgcc.a(_aeabi_uldivmod.o)
 .ARM.attributes
                0x00000000000008b7       0x34 /Applications/STM32CubeIDE.app/Contents/Eclipse/plugins/com.st.stm32cube.ide.mcu.externaltools.gnu-tools-for-stm32.7-2018-q2-update.macos64_1.5.0.202011040924/tools/bin/../lib/gcc/arm-none-eabi/7.3.1/thumb/v7e-m/fpv4-sp/hard/libgcc.a(_udivmoddi4.o)
 .ARM.attributes
                0x00000000000008eb       0x22 /Applications/STM32CubeIDE.app/Contents/Eclipse/plugins/com.st.stm32cube.ide.mcu.externaltools.gnu-tools-for-stm32.7-2018-q2-update.macos64_1.5.0.202011040924/tools/bin/../lib/gcc/arm-none-eabi/7.3.1/thumb/v7e-m/fpv4-sp/hard/libgcc.a(_dvmd_tls.o)
 .ARM.attributes
                0x000000000000090d       0x22 /Applications/STM32CubeIDE.app/Contents/Eclipse/plugins/com.st.stm32cube.ide.mcu.externaltools.gnu-tools-for-stm32.7-2018-q2-update.macos64_1.5.0.202011040924/tools/bin/../lib/gcc/arm-none-eabi/7.3.1/thumb/v7e-m/fpv4-sp/hard/crtn.o
OUTPUT(Embedded_OS_Lab3_P76091307.elf elf32-littlearm)

.debug_info     0x0000000000000000    0x12021
 .debug_info    0x0000000000000000      0xf1e Core/Src/main.o
 .debug_info    0x0000000000000f1e      0x941 Core/Src/stm32f4xx_hal_msp.o
 .debug_info    0x000000000000185f      0xb2d Core/Src/stm32f4xx_hal_timebase_tim.o
 .debug_info    0x000000000000238c      0x6b8 Core/Src/stm32f4xx_it.o
 .debug_info    0x0000000000002a44      0x985 Core/Src/sysmem.o
 .debug_info    0x00000000000033c9      0x554 Core/Src/system_stm32f4xx.o
 .debug_info    0x000000000000391d       0x22 Core/Startup/startup_stm32f407vgtx.o
 .debug_info    0x000000000000393f      0x945 Drivers/STM32F4xx_HAL_Driver/Src/stm32f4xx_hal.o
 .debug_info    0x0000000000004284      0xe28 Drivers/STM32F4xx_HAL_Driver/Src/stm32f4xx_hal_cortex.o
 .debug_info    0x00000000000050ac      0x7b5 Drivers/STM32F4xx_HAL_Driver/Src/stm32f4xx_hal_gpio.o
 .debug_info    0x0000000000005861      0x904 Drivers/STM32F4xx_HAL_Driver/Src/stm32f4xx_hal_rcc.o
 .debug_info    0x0000000000006165     0x24a9 Drivers/STM32F4xx_HAL_Driver/Src/stm32f4xx_hal_tim.o
 .debug_info    0x000000000000860e     0x1157 Drivers/STM32F4xx_HAL_Driver/Src/stm32f4xx_hal_tim_ex.o
 .debug_info    0x0000000000009765     0x124c Drivers/STM32F4xx_HAL_Driver/Src/stm32f4xx_hal_uart.o
 .debug_info    0x000000000000a9b1      0xacb FreeRTOS/list.o
 .debug_info    0x000000000000b47c     0x1f26 FreeRTOS/queue.o
 .debug_info    0x000000000000d3a2     0x2702 FreeRTOS/tasks.o
 .debug_info    0x000000000000faa4     0x145e FreeRTOS/timers.o
 .debug_info    0x0000000000010f02      0x533 FreeRTOS/portable/ARM_CM4F/port.o
 .debug_info    0x0000000000011435      0xbec FreeRTOS/portable/MemMang/heap_4.o

.debug_abbrev   0x0000000000000000     0x2929
 .debug_abbrev  0x0000000000000000      0x2bc Core/Src/main.o
 .debug_abbrev  0x00000000000002bc      0x18c Core/Src/stm32f4xx_hal_msp.o
 .debug_abbrev  0x0000000000000448      0x19d Core/Src/stm32f4xx_hal_timebase_tim.o
 .debug_abbrev  0x00000000000005e5      0x15a Core/Src/stm32f4xx_it.o
 .debug_abbrev  0x000000000000073f      0x19b Core/Src/sysmem.o
 .debug_abbrev  0x00000000000008da      0x12b Core/Src/system_stm32f4xx.o
 .debug_abbrev  0x0000000000000a05       0x12 Core/Startup/startup_stm32f407vgtx.o
 .debug_abbrev  0x0000000000000a17      0x1c7 Drivers/STM32F4xx_HAL_Driver/Src/stm32f4xx_hal.o
 .debug_abbrev  0x0000000000000bde      0x2fa Drivers/STM32F4xx_HAL_Driver/Src/stm32f4xx_hal_cortex.o
 .debug_abbrev  0x0000000000000ed8      0x1c9 Drivers/STM32F4xx_HAL_Driver/Src/stm32f4xx_hal_gpio.o
 .debug_abbrev  0x00000000000010a1      0x245 Drivers/STM32F4xx_HAL_Driver/Src/stm32f4xx_hal_rcc.o
 .debug_abbrev  0x00000000000012e6      0x230 Drivers/STM32F4xx_HAL_Driver/Src/stm32f4xx_hal_tim.o
 .debug_abbrev  0x0000000000001516      0x21e Drivers/STM32F4xx_HAL_Driver/Src/stm32f4xx_hal_tim_ex.o
 .debug_abbrev  0x0000000000001734      0x242 Drivers/STM32F4xx_HAL_Driver/Src/stm32f4xx_hal_uart.o
 .debug_abbrev  0x0000000000001976      0x1cf FreeRTOS/list.o
 .debug_abbrev  0x0000000000001b45      0x31c FreeRTOS/queue.o
 .debug_abbrev  0x0000000000001e61      0x352 FreeRTOS/tasks.o
 .debug_abbrev  0x00000000000021b3      0x2c8 FreeRTOS/timers.o
 .debug_abbrev  0x000000000000247b      0x210 FreeRTOS/portable/ARM_CM4F/port.o
 .debug_abbrev  0x000000000000268b      0x29e FreeRTOS/portable/MemMang/heap_4.o

.debug_aranges  0x0000000000000000     0x1030
 .debug_aranges
                0x0000000000000000       0x68 Core/Src/main.o
 .debug_aranges
                0x0000000000000068       0x30 Core/Src/stm32f4xx_hal_msp.o
 .debug_aranges
                0x0000000000000098       0x30 Core/Src/stm32f4xx_hal_timebase_tim.o
 .debug_aranges
                0x00000000000000c8       0x50 Core/Src/stm32f4xx_it.o
 .debug_aranges
                0x0000000000000118       0x20 Core/Src/sysmem.o
 .debug_aranges
                0x0000000000000138       0x28 Core/Src/system_stm32f4xx.o
 .debug_aranges
                0x0000000000000160       0x28 Core/Startup/startup_stm32f407vgtx.o
 .debug_aranges
                0x0000000000000188       0xf0 Drivers/STM32F4xx_HAL_Driver/Src/stm32f4xx_hal.o
 .debug_aranges
                0x0000000000000278      0x118 Drivers/STM32F4xx_HAL_Driver/Src/stm32f4xx_hal_cortex.o
 .debug_aranges
                0x0000000000000390       0x58 Drivers/STM32F4xx_HAL_Driver/Src/stm32f4xx_hal_gpio.o
 .debug_aranges
                0x00000000000003e8       0x88 Drivers/STM32F4xx_HAL_Driver/Src/stm32f4xx_hal_rcc.o
 .debug_aranges
                0x0000000000000470      0x3a8 Drivers/STM32F4xx_HAL_Driver/Src/stm32f4xx_hal_tim.o
 .debug_aranges
                0x0000000000000818      0x150 Drivers/STM32F4xx_HAL_Driver/Src/stm32f4xx_hal_tim_ex.o
 .debug_aranges
                0x0000000000000968      0x1d0 Drivers/STM32F4xx_HAL_Driver/Src/stm32f4xx_hal_uart.o
 .debug_aranges
                0x0000000000000b38       0x40 FreeRTOS/list.o
 .debug_aranges
                0x0000000000000b78      0x130 FreeRTOS/queue.o
 .debug_aranges
                0x0000000000000ca8      0x1e8 FreeRTOS/tasks.o
 .debug_aranges
                0x0000000000000e90       0xd0 FreeRTOS/timers.o
 .debug_aranges
                0x0000000000000f60       0x80 FreeRTOS/portable/ARM_CM4F/port.o
 .debug_aranges
                0x0000000000000fe0       0x50 FreeRTOS/portable/MemMang/heap_4.o

.debug_ranges   0x0000000000000000      0xef8
 .debug_ranges  0x0000000000000000       0x58 Core/Src/main.o
 .debug_ranges  0x0000000000000058       0x20 Core/Src/stm32f4xx_hal_msp.o
 .debug_ranges  0x0000000000000078       0x20 Core/Src/stm32f4xx_hal_timebase_tim.o
 .debug_ranges  0x0000000000000098       0x40 Core/Src/stm32f4xx_it.o
 .debug_ranges  0x00000000000000d8       0x10 Core/Src/sysmem.o
 .debug_ranges  0x00000000000000e8       0x18 Core/Src/system_stm32f4xx.o
 .debug_ranges  0x0000000000000100       0x20 Core/Startup/startup_stm32f407vgtx.o
 .debug_ranges  0x0000000000000120       0xe0 Drivers/STM32F4xx_HAL_Driver/Src/stm32f4xx_hal.o
 .debug_ranges  0x0000000000000200      0x108 Drivers/STM32F4xx_HAL_Driver/Src/stm32f4xx_hal_cortex.o
 .debug_ranges  0x0000000000000308       0x48 Drivers/STM32F4xx_HAL_Driver/Src/stm32f4xx_hal_gpio.o
 .debug_ranges  0x0000000000000350       0x78 Drivers/STM32F4xx_HAL_Driver/Src/stm32f4xx_hal_rcc.o
 .debug_ranges  0x00000000000003c8      0x398 Drivers/STM32F4xx_HAL_Driver/Src/stm32f4xx_hal_tim.o
 .debug_ranges  0x0000000000000760      0x140 Drivers/STM32F4xx_HAL_Driver/Src/stm32f4xx_hal_tim_ex.o
 .debug_ranges  0x00000000000008a0      0x1c0 Drivers/STM32F4xx_HAL_Driver/Src/stm32f4xx_hal_uart.o
 .debug_ranges  0x0000000000000a60       0x30 FreeRTOS/list.o
 .debug_ranges  0x0000000000000a90      0x120 FreeRTOS/queue.o
 .debug_ranges  0x0000000000000bb0      0x1d8 FreeRTOS/tasks.o
 .debug_ranges  0x0000000000000d88       0xc0 FreeRTOS/timers.o
 .debug_ranges  0x0000000000000e48       0x70 FreeRTOS/portable/ARM_CM4F/port.o
 .debug_ranges  0x0000000000000eb8       0x40 FreeRTOS/portable/MemMang/heap_4.o

.debug_macro    0x0000000000000000    0x21998
 .debug_macro   0x0000000000000000      0x249 Core/Src/main.o
 .debug_macro   0x0000000000000249      0xa5a Core/Src/main.o
 .debug_macro   0x0000000000000ca3      0x294 Core/Src/main.o
 .debug_macro   0x0000000000000f37       0x2e Core/Src/main.o
 .debug_macro   0x0000000000000f65       0x2f Core/Src/main.o
 .debug_macro   0x0000000000000f94       0x22 Core/Src/main.o
 .debug_macro   0x0000000000000fb6       0x8e Core/Src/main.o
 .debug_macro   0x0000000000001044       0x51 Core/Src/main.o
 .debug_macro   0x0000000000001095       0xef Core/Src/main.o
 .debug_macro   0x0000000000001184       0x6a Core/Src/main.o
 .debug_macro   0x00000000000011ee      0x1df Core/Src/main.o
 .debug_macro   0x00000000000013cd       0x1c Core/Src/main.o
 .debug_macro   0x00000000000013e9       0x22 Core/Src/main.o
 .debug_macro   0x000000000000140b       0xdf Core/Src/main.o
 .debug_macro   0x00000000000014ea     0x102d Core/Src/main.o
 .debug_macro   0x0000000000002517      0x11f Core/Src/main.o
 .debug_macro   0x0000000000002636    0x15e3c Core/Src/main.o
 .debug_macro   0x0000000000018472       0x43 Core/Src/main.o
 .debug_macro   0x00000000000184b5     0x3659 Core/Src/main.o
 .debug_macro   0x000000000001bb0e      0x174 Core/Src/main.o
 .debug_macro   0x000000000001bc82       0x5a Core/Src/main.o
 .debug_macro   0x000000000001bcdc      0x96b Core/Src/main.o
 .debug_macro   0x000000000001c647      0x9fe Core/Src/main.o
 .debug_macro   0x000000000001d045      0x117 Core/Src/main.o
 .debug_macro   0x000000000001d15c      0x13e Core/Src/main.o
 .debug_macro   0x000000000001d29a       0x27 Core/Src/main.o
 .debug_macro   0x000000000001d2c1      0x174 Core/Src/main.o
 .debug_macro   0x000000000001d435      0x287 Core/Src/main.o
 .debug_macro   0x000000000001d6bc       0x5f Core/Src/main.o
 .debug_macro   0x000000000001d71b      0x236 Core/Src/main.o
 .debug_macro   0x000000000001d951      0x12c Core/Src/main.o
 .debug_macro   0x000000000001da7d      0x21e Core/Src/main.o
 .debug_macro   0x000000000001dc9b       0x2e Core/Src/main.o
 .debug_macro   0x000000000001dcc9      0x11a Core/Src/main.o
 .debug_macro   0x000000000001dde3       0x7e Core/Src/main.o
 .debug_macro   0x000000000001de61       0x89 Core/Src/main.o
 .debug_macro   0x000000000001deea      0x8a0 Core/Src/main.o
 .debug_macro   0x000000000001e78a       0x47 Core/Src/main.o
 .debug_macro   0x000000000001e7d1      0x287 Core/Src/main.o
 .debug_macro   0x000000000001ea58      0x12d Core/Src/main.o
 .debug_macro   0x000000000001eb85       0x1c Core/Src/main.o
 .debug_macro   0x000000000001eba1      0x106 Core/Src/main.o
 .debug_macro   0x000000000001eca7      0x15a Core/Src/main.o
 .debug_macro   0x000000000001ee01       0xe4 Core/Src/main.o
 .debug_macro   0x000000000001eee5       0x1c Core/Src/main.o
 .debug_macro   0x000000000001ef01       0x26 Core/Src/main.o
 .debug_macro   0x000000000001ef27      0x4d3 Core/Src/main.o
 .debug_macro   0x000000000001f3fa       0xb5 Core/Src/main.o
 .debug_macro   0x000000000001f4af       0xaa Core/Src/main.o
 .debug_macro   0x000000000001f559      0x1dd Core/Src/stm32f4xx_hal_msp.o
 .debug_macro   0x000000000001f736      0x1ce Core/Src/stm32f4xx_hal_timebase_tim.o
 .debug_macro   0x000000000001f904      0x1e7 Core/Src/stm32f4xx_it.o
 .debug_macro   0x000000000001faeb       0xee Core/Src/sysmem.o
 .debug_macro   0x000000000001fbd9      0x23b Core/Src/sysmem.o
 .debug_macro   0x000000000001fe14      0x1d4 Core/Src/system_stm32f4xx.o
 .debug_macro   0x000000000001ffe8      0x22e Drivers/STM32F4xx_HAL_Driver/Src/stm32f4xx_hal.o
 .debug_macro   0x0000000000020216      0x1ce Drivers/STM32F4xx_HAL_Driver/Src/stm32f4xx_hal_cortex.o
 .debug_macro   0x00000000000203e4      0x204 Drivers/STM32F4xx_HAL_Driver/Src/stm32f4xx_hal_gpio.o
 .debug_macro   0x00000000000205e8      0x1f2 Drivers/STM32F4xx_HAL_Driver/Src/stm32f4xx_hal_rcc.o
 .debug_macro   0x00000000000207da      0x1cf Drivers/STM32F4xx_HAL_Driver/Src/stm32f4xx_hal_tim.o
 .debug_macro   0x00000000000209a9      0x1ce Drivers/STM32F4xx_HAL_Driver/Src/stm32f4xx_hal_tim_ex.o
 .debug_macro   0x0000000000020b77      0x1cf Drivers/STM32F4xx_HAL_Driver/Src/stm32f4xx_hal_uart.o
 .debug_macro   0x0000000000020d46      0x17a FreeRTOS/list.o
 .debug_macro   0x0000000000020ec0      0x209 FreeRTOS/queue.o
 .debug_macro   0x00000000000210c9       0x16 FreeRTOS/queue.o
 .debug_macro   0x00000000000210df       0x20 FreeRTOS/queue.o
 .debug_macro   0x00000000000210ff       0x80 FreeRTOS/queue.o
 .debug_macro   0x000000000002117f      0x26c FreeRTOS/tasks.o
 .debug_macro   0x00000000000213eb       0x10 FreeRTOS/tasks.o
 .debug_macro   0x00000000000213fb      0x1cf FreeRTOS/timers.o
 .debug_macro   0x00000000000215ca       0x97 FreeRTOS/timers.o
 .debug_macro   0x0000000000021661      0x196 FreeRTOS/portable/ARM_CM4F/port.o
 .debug_macro   0x00000000000217f7      0x1a1 FreeRTOS/portable/MemMang/heap_4.o

.debug_line     0x0000000000000000     0xcaa6
 .debug_line    0x0000000000000000      0x980 Core/Src/main.o
 .debug_line    0x0000000000000980      0x720 Core/Src/stm32f4xx_hal_msp.o
 .debug_line    0x00000000000010a0      0x725 Core/Src/stm32f4xx_hal_timebase_tim.o
 .debug_line    0x00000000000017c5      0x777 Core/Src/stm32f4xx_it.o
 .debug_line    0x0000000000001f3c      0x503 Core/Src/sysmem.o
 .debug_line    0x000000000000243f      0x70c Core/Src/system_stm32f4xx.o
 .debug_line    0x0000000000002b4b       0x85 Core/Startup/startup_stm32f407vgtx.o
 .debug_line    0x0000000000002bd0      0x8f6 Drivers/STM32F4xx_HAL_Driver/Src/stm32f4xx_hal.o
 .debug_line    0x00000000000034c6      0xa1a Drivers/STM32F4xx_HAL_Driver/Src/stm32f4xx_hal_cortex.o
 .debug_line    0x0000000000003ee0      0x8d5 Drivers/STM32F4xx_HAL_Driver/Src/stm32f4xx_hal_gpio.o
 .debug_line    0x00000000000047b5      0x94e Drivers/STM32F4xx_HAL_Driver/Src/stm32f4xx_hal_rcc.o
 .debug_line    0x0000000000005103     0x196f Drivers/STM32F4xx_HAL_Driver/Src/stm32f4xx_hal_tim.o
 .debug_line    0x0000000000006a72      0xd0c Drivers/STM32F4xx_HAL_Driver/Src/stm32f4xx_hal_tim_ex.o
 .debug_line    0x000000000000777e     0x1004 Drivers/STM32F4xx_HAL_Driver/Src/stm32f4xx_hal_uart.o
 .debug_line    0x0000000000008782      0x6cf FreeRTOS/list.o
 .debug_line    0x0000000000008e51     0x101d FreeRTOS/queue.o
 .debug_line    0x0000000000009e6e     0x130c FreeRTOS/tasks.o
 .debug_line    0x000000000000b17a      0xa40 FreeRTOS/timers.o
 .debug_line    0x000000000000bbba      0x737 FreeRTOS/portable/ARM_CM4F/port.o
 .debug_line    0x000000000000c2f1      0x7b5 FreeRTOS/portable/MemMang/heap_4.o

.debug_str      0x0000000000000000    0xd024e
 .debug_str     0x0000000000000000    0xc677b Core/Src/main.o
                                      0xc6aaa (size before relaxing)
 .debug_str     0x00000000000c677b       0x56 Core/Src/stm32f4xx_hal_msp.o
                                      0xc28d1 (size before relaxing)
 .debug_str     0x00000000000c67d1      0x57b Core/Src/stm32f4xx_hal_timebase_tim.o
                                      0xc2dc8 (size before relaxing)
 .debug_str     0x00000000000c6d4c       0xa2 Core/Src/stm32f4xx_it.o
                                      0xc27c7 (size before relaxing)
 .debug_str     0x00000000000c6dee     0x1e4e Core/Src/sysmem.o
                                       0x5f7c (size before relaxing)
 .debug_str     0x00000000000c8c3c       0xc4 Core/Src/system_stm32f4xx.o
                                      0xc2452 (size before relaxing)
 .debug_str     0x00000000000c8d00       0x36 Core/Startup/startup_stm32f407vgtx.o
                                         0x89 (size before relaxing)
 .debug_str     0x00000000000c8d36      0x542 Drivers/STM32F4xx_HAL_Driver/Src/stm32f4xx_hal.o
                                      0xc2f1f (size before relaxing)
 .debug_str     0x00000000000c9278      0x392 Drivers/STM32F4xx_HAL_Driver/Src/stm32f4xx_hal_cortex.o
                                      0xc2d0e (size before relaxing)
 .debug_str     0x00000000000c960a      0x20c Drivers/STM32F4xx_HAL_Driver/Src/stm32f4xx_hal_gpio.o
                                      0xc2691 (size before relaxing)
 .debug_str     0x00000000000c9816      0x24f Drivers/STM32F4xx_HAL_Driver/Src/stm32f4xx_hal_rcc.o
                                      0xc283f (size before relaxing)
 .debug_str     0x00000000000c9a65      0xd6f Drivers/STM32F4xx_HAL_Driver/Src/stm32f4xx_hal_tim.o
                                      0xc355e (size before relaxing)
 .debug_str     0x00000000000ca7d4      0x4ec Drivers/STM32F4xx_HAL_Driver/Src/stm32f4xx_hal_tim_ex.o
                                      0xc2d5e (size before relaxing)
 .debug_str     0x00000000000cacc0      0x516 Drivers/STM32F4xx_HAL_Driver/Src/stm32f4xx_hal_uart.o
                                      0xc2c9e (size before relaxing)
 .debug_str     0x00000000000cb1d6     0x15ef FreeRTOS/list.o
                                       0xa801 (size before relaxing)
 .debug_str     0x00000000000cc7c5     0x107a FreeRTOS/queue.o
                                       0xbf03 (size before relaxing)
 .debug_str     0x00000000000cd83f     0x1b00 FreeRTOS/tasks.o
                                       0xcb9e (size before relaxing)
 .debug_str     0x00000000000cf33f      0x4fd FreeRTOS/timers.o
                                       0xc304 (size before relaxing)
 .debug_str     0x00000000000cf83c      0x7e0 FreeRTOS/portable/ARM_CM4F/port.o
                                       0x85c6 (size before relaxing)
 .debug_str     0x00000000000d001c      0x232 FreeRTOS/portable/MemMang/heap_4.o
                                       0xaff4 (size before relaxing)

.comment        0x0000000000000000       0x7b
 .comment       0x0000000000000000       0x7b Core/Src/main.o
                                         0x7c (size before relaxing)
 .comment       0x000000000000007b       0x7c Core/Src/stm32f4xx_hal_msp.o
 .comment       0x000000000000007b       0x7c Core/Src/stm32f4xx_hal_timebase_tim.o
 .comment       0x000000000000007b       0x7c Core/Src/stm32f4xx_it.o
 .comment       0x000000000000007b       0x7c Core/Src/sysmem.o
 .comment       0x000000000000007b       0x7c Core/Src/system_stm32f4xx.o
 .comment       0x000000000000007b       0x7c Drivers/STM32F4xx_HAL_Driver/Src/stm32f4xx_hal.o
 .comment       0x000000000000007b       0x7c Drivers/STM32F4xx_HAL_Driver/Src/stm32f4xx_hal_cortex.o
 .comment       0x000000000000007b       0x7c Drivers/STM32F4xx_HAL_Driver/Src/stm32f4xx_hal_gpio.o
 .comment       0x000000000000007b       0x7c Drivers/STM32F4xx_HAL_Driver/Src/stm32f4xx_hal_rcc.o
 .comment       0x000000000000007b       0x7c Drivers/STM32F4xx_HAL_Driver/Src/stm32f4xx_hal_tim.o
 .comment       0x000000000000007b       0x7c Drivers/STM32F4xx_HAL_Driver/Src/stm32f4xx_hal_tim_ex.o
 .comment       0x000000000000007b       0x7c Drivers/STM32F4xx_HAL_Driver/Src/stm32f4xx_hal_uart.o
 .comment       0x000000000000007b       0x7c FreeRTOS/list.o
 .comment       0x000000000000007b       0x7c FreeRTOS/queue.o
 .comment       0x000000000000007b       0x7c FreeRTOS/tasks.o
 .comment       0x000000000000007b       0x7c FreeRTOS/timers.o
 .comment       0x000000000000007b       0x7c FreeRTOS/portable/ARM_CM4F/port.o
 .comment       0x000000000000007b       0x7c FreeRTOS/portable/MemMang/heap_4.o

.debug_frame    0x0000000000000000     0x46b0
 .debug_frame   0x0000000000000000      0x14c Core/Src/main.o
 .debug_frame   0x000000000000014c       0x80 Core/Src/stm32f4xx_hal_msp.o
 .debug_frame   0x00000000000001cc       0x74 Core/Src/stm32f4xx_hal_timebase_tim.o
 .debug_frame   0x0000000000000240       0xc4 Core/Src/stm32f4xx_it.o
 .debug_frame   0x0000000000000304       0x34 Core/Src/sysmem.o
 .debug_frame   0x0000000000000338       0x58 Core/Src/system_stm32f4xx.o
 .debug_frame   0x0000000000000390      0x374 Drivers/STM32F4xx_HAL_Driver/Src/stm32f4xx_hal.o
 .debug_frame   0x0000000000000704      0x498 Drivers/STM32F4xx_HAL_Driver/Src/stm32f4xx_hal_cortex.o
 .debug_frame   0x0000000000000b9c      0x14c Drivers/STM32F4xx_HAL_Driver/Src/stm32f4xx_hal_gpio.o
 .debug_frame   0x0000000000000ce8      0x1f0 Drivers/STM32F4xx_HAL_Driver/Src/stm32f4xx_hal_rcc.o
 .debug_frame   0x0000000000000ed8     0x10f0 Drivers/STM32F4xx_HAL_Driver/Src/stm32f4xx_hal_tim.o
 .debug_frame   0x0000000000001fc8      0x5c0 Drivers/STM32F4xx_HAL_Driver/Src/stm32f4xx_hal_tim_ex.o
 .debug_frame   0x0000000000002588      0x844 Drivers/STM32F4xx_HAL_Driver/Src/stm32f4xx_hal_uart.o
 .debug_frame   0x0000000000002dcc       0xd8 FreeRTOS/list.o
 .debug_frame   0x0000000000002ea4      0x530 FreeRTOS/queue.o
 .debug_frame   0x00000000000033d4      0x854 FreeRTOS/tasks.o
 .debug_frame   0x0000000000003c28      0x368 FreeRTOS/timers.o
 .debug_frame   0x0000000000003f90      0x1a8 FreeRTOS/portable/ARM_CM4F/port.o
 .debug_frame   0x0000000000004138      0x108 FreeRTOS/portable/MemMang/heap_4.o
 .debug_frame   0x0000000000004240       0x20 /Applications/STM32CubeIDE.app/Contents/Eclipse/plugins/com.st.stm32cube.ide.mcu.externaltools.gnu-tools-for-stm32.7-2018-q2-update.macos64_1.5.0.202011040924/tools/bin/../lib/gcc/arm-none-eabi/7.3.1/../../../../arm-none-eabi/lib/thumb/v7e-m/fpv4-sp/hard/libc_nano.a(lib_a-errno.o)
 .debug_frame   0x0000000000004260       0x2c /Applications/STM32CubeIDE.app/Contents/Eclipse/plugins/com.st.stm32cube.ide.mcu.externaltools.gnu-tools-for-stm32.7-2018-q2-update.macos64_1.5.0.202011040924/tools/bin/../lib/gcc/arm-none-eabi/7.3.1/../../../../arm-none-eabi/lib/thumb/v7e-m/fpv4-sp/hard/libc_nano.a(lib_a-init.o)
 .debug_frame   0x000000000000428c       0x38 /Applications/STM32CubeIDE.app/Contents/Eclipse/plugins/com.st.stm32cube.ide.mcu.externaltools.gnu-tools-for-stm32.7-2018-q2-update.macos64_1.5.0.202011040924/tools/bin/../lib/gcc/arm-none-eabi/7.3.1/../../../../arm-none-eabi/lib/thumb/v7e-m/fpv4-sp/hard/libc_nano.a(lib_a-itoa.o)
 .debug_frame   0x00000000000042c4       0x28 /Applications/STM32CubeIDE.app/Contents/Eclipse/plugins/com.st.stm32cube.ide.mcu.externaltools.gnu-tools-for-stm32.7-2018-q2-update.macos64_1.5.0.202011040924/tools/bin/../lib/gcc/arm-none-eabi/7.3.1/../../../../arm-none-eabi/lib/thumb/v7e-m/fpv4-sp/hard/libc_nano.a(lib_a-memcpy-stub.o)
 .debug_frame   0x00000000000042ec       0x20 /Applications/STM32CubeIDE.app/Contents/Eclipse/plugins/com.st.stm32cube.ide.mcu.externaltools.gnu-tools-for-stm32.7-2018-q2-update.macos64_1.5.0.202011040924/tools/bin/../lib/gcc/arm-none-eabi/7.3.1/../../../../arm-none-eabi/lib/thumb/v7e-m/fpv4-sp/hard/libc_nano.a(lib_a-memset.o)
 .debug_frame   0x000000000000430c       0x6c /Applications/STM32CubeIDE.app/Contents/Eclipse/plugins/com.st.stm32cube.ide.mcu.externaltools.gnu-tools-for-stm32.7-2018-q2-update.macos64_1.5.0.202011040924/tools/bin/../lib/gcc/arm-none-eabi/7.3.1/../../../../arm-none-eabi/lib/thumb/v7e-m/fpv4-sp/hard/libc_nano.a(lib_a-sprintf.o)
 .debug_frame   0x0000000000004378       0x48 /Applications/STM32CubeIDE.app/Contents/Eclipse/plugins/com.st.stm32cube.ide.mcu.externaltools.gnu-tools-for-stm32.7-2018-q2-update.macos64_1.5.0.202011040924/tools/bin/../lib/gcc/arm-none-eabi/7.3.1/../../../../arm-none-eabi/lib/thumb/v7e-m/fpv4-sp/hard/libc_nano.a(lib_a-utoa.o)
 .debug_frame   0x00000000000043c0       0x90 /Applications/STM32CubeIDE.app/Contents/Eclipse/plugins/com.st.stm32cube.ide.mcu.externaltools.gnu-tools-for-stm32.7-2018-q2-update.macos64_1.5.0.202011040924/tools/bin/../lib/gcc/arm-none-eabi/7.3.1/../../../../arm-none-eabi/lib/thumb/v7e-m/fpv4-sp/hard/libc_nano.a(lib_a-nano-svfprintf.o)
 .debug_frame   0x0000000000004450       0x60 /Applications/STM32CubeIDE.app/Contents/Eclipse/plugins/com.st.stm32cube.ide.mcu.externaltools.gnu-tools-for-stm32.7-2018-q2-update.macos64_1.5.0.202011040924/tools/bin/../lib/gcc/arm-none-eabi/7.3.1/../../../../arm-none-eabi/lib/thumb/v7e-m/fpv4-sp/hard/libc_nano.a(lib_a-nano-vfprintf_i.o)
 .debug_frame   0x00000000000044b0       0x28 /Applications/STM32CubeIDE.app/Contents/Eclipse/plugins/com.st.stm32cube.ide.mcu.externaltools.gnu-tools-for-stm32.7-2018-q2-update.macos64_1.5.0.202011040924/tools/bin/../lib/gcc/arm-none-eabi/7.3.1/../../../../arm-none-eabi/lib/thumb/v7e-m/fpv4-sp/hard/libc_nano.a(lib_a-memmove.o)
 .debug_frame   0x00000000000044d8       0x38 /Applications/STM32CubeIDE.app/Contents/Eclipse/plugins/com.st.stm32cube.ide.mcu.externaltools.gnu-tools-for-stm32.7-2018-q2-update.macos64_1.5.0.202011040924/tools/bin/../lib/gcc/arm-none-eabi/7.3.1/../../../../arm-none-eabi/lib/thumb/v7e-m/fpv4-sp/hard/libc_nano.a(lib_a-nano-freer.o)
 .debug_frame   0x0000000000004510       0x2c /Applications/STM32CubeIDE.app/Contents/Eclipse/plugins/com.st.stm32cube.ide.mcu.externaltools.gnu-tools-for-stm32.7-2018-q2-update.macos64_1.5.0.202011040924/tools/bin/../lib/gcc/arm-none-eabi/7.3.1/../../../../arm-none-eabi/lib/thumb/v7e-m/fpv4-sp/hard/libc_nano.a(lib_a-nano-mallocr.o)
 .debug_frame   0x000000000000453c       0x3c /Applications/STM32CubeIDE.app/Contents/Eclipse/plugins/com.st.stm32cube.ide.mcu.externaltools.gnu-tools-for-stm32.7-2018-q2-update.macos64_1.5.0.202011040924/tools/bin/../lib/gcc/arm-none-eabi/7.3.1/../../../../arm-none-eabi/lib/thumb/v7e-m/fpv4-sp/hard/libc_nano.a(lib_a-nano-reallocr.o)
 .debug_frame   0x0000000000004578       0x2c /Applications/STM32CubeIDE.app/Contents/Eclipse/plugins/com.st.stm32cube.ide.mcu.externaltools.gnu-tools-for-stm32.7-2018-q2-update.macos64_1.5.0.202011040924/tools/bin/../lib/gcc/arm-none-eabi/7.3.1/../../../../arm-none-eabi/lib/thumb/v7e-m/fpv4-sp/hard/libc_nano.a(lib_a-sbrkr.o)
 .debug_frame   0x00000000000045a4       0x30 /Applications/STM32CubeIDE.app/Contents/Eclipse/plugins/com.st.stm32cube.ide.mcu.externaltools.gnu-tools-for-stm32.7-2018-q2-update.macos64_1.5.0.202011040924/tools/bin/../lib/gcc/arm-none-eabi/7.3.1/../../../../arm-none-eabi/lib/thumb/v7e-m/fpv4-sp/hard/libc_nano.a(lib_a-mlock.o)
 .debug_frame   0x00000000000045d4       0x20 /Applications/STM32CubeIDE.app/Contents/Eclipse/plugins/com.st.stm32cube.ide.mcu.externaltools.gnu-tools-for-stm32.7-2018-q2-update.macos64_1.5.0.202011040924/tools/bin/../lib/gcc/arm-none-eabi/7.3.1/../../../../arm-none-eabi/lib/thumb/v7e-m/fpv4-sp/hard/libc_nano.a(lib_a-nano-msizer.o)
 .debug_frame   0x00000000000045f4       0x5c /Applications/STM32CubeIDE.app/Contents/Eclipse/plugins/com.st.stm32cube.ide.mcu.externaltools.gnu-tools-for-stm32.7-2018-q2-update.macos64_1.5.0.202011040924/tools/bin/../lib/gcc/arm-none-eabi/7.3.1/../../../../arm-none-eabi/lib/thumb/v7e-m/fpv4-sp/hard/libc_nano.a(lib_a-reent.o)
 .debug_frame   0x0000000000004650       0x2c /Applications/STM32CubeIDE.app/Contents/Eclipse/plugins/com.st.stm32cube.ide.mcu.externaltools.gnu-tools-for-stm32.7-2018-q2-update.macos64_1.5.0.202011040924/tools/bin/../lib/gcc/arm-none-eabi/7.3.1/thumb/v7e-m/fpv4-sp/hard/libgcc.a(_aeabi_uldivmod.o)
 .debug_frame   0x000000000000467c       0x34 /Applications/STM32CubeIDE.app/Contents/Eclipse/plugins/com.st.stm32cube.ide.mcu.externaltools.gnu-tools-for-stm32.7-2018-q2-update.macos64_1.5.0.202011040924/tools/bin/../lib/gcc/arm-none-eabi/7.3.1/thumb/v7e-m/fpv4-sp/hard/libgcc.a(_udivmoddi4.o)